Archive member included to satisfy reference by file (symbol)

/opt/gcc-arm-none-eabi-5_4-2016q3/bin/../lib/gcc/arm-none-eabi/5.4.1/../../../../arm-none-eabi/lib/armv7-m/libc_nano.a(lib_a-exit.o)
                              /opt/gcc-arm-none-eabi-5_4-2016q3/bin/../lib/gcc/arm-none-eabi/5.4.1/../../../../arm-none-eabi/lib/armv7-m/crt0.o (exit)
/opt/gcc-arm-none-eabi-5_4-2016q3/bin/../lib/gcc/arm-none-eabi/5.4.1/../../../../arm-none-eabi/lib/armv7-m/libc_nano.a(lib_a-impure.o)
                              /opt/gcc-arm-none-eabi-5_4-2016q3/bin/../lib/gcc/arm-none-eabi/5.4.1/../../../../arm-none-eabi/lib/armv7-m/libc_nano.a(lib_a-exit.o) (_global_impure_ptr)
/opt/gcc-arm-none-eabi-5_4-2016q3/bin/../lib/gcc/arm-none-eabi/5.4.1/../../../../arm-none-eabi/lib/armv7-m/libc_nano.a(lib_a-init.o)
                              /opt/gcc-arm-none-eabi-5_4-2016q3/bin/../lib/gcc/arm-none-eabi/5.4.1/../../../../arm-none-eabi/lib/armv7-m/crt0.o (__libc_init_array)
/opt/gcc-arm-none-eabi-5_4-2016q3/bin/../lib/gcc/arm-none-eabi/5.4.1/../../../../arm-none-eabi/lib/armv7-m/libc_nano.a(lib_a-memset.o)
                              /opt/gcc-arm-none-eabi-5_4-2016q3/bin/../lib/gcc/arm-none-eabi/5.4.1/../../../../arm-none-eabi/lib/armv7-m/crt0.o (memset)
/opt/gcc-arm-none-eabi-5_4-2016q3/bin/../lib/gcc/arm-none-eabi/5.4.1/../../../../arm-none-eabi/lib/armv7-m/libc_nano.a(lib_a-nano-vfprintf_float.o)
                              (_printf_float)
/opt/gcc-arm-none-eabi-5_4-2016q3/bin/../lib/gcc/arm-none-eabi/5.4.1/../../../../arm-none-eabi/lib/armv7-m/libc_nano.a(lib_a-nano-vfprintf_i.o)
                              /opt/gcc-arm-none-eabi-5_4-2016q3/bin/../lib/gcc/arm-none-eabi/5.4.1/../../../../arm-none-eabi/lib/armv7-m/libc_nano.a(lib_a-nano-vfprintf_float.o) (_printf_common)
/opt/gcc-arm-none-eabi-5_4-2016q3/bin/../lib/gcc/arm-none-eabi/5.4.1/../../../../arm-none-eabi/lib/armv7-m/libc_nano.a(lib_a-printf.o)
                              build/rtc.o (printf)
/opt/gcc-arm-none-eabi-5_4-2016q3/bin/../lib/gcc/arm-none-eabi/5.4.1/../../../../arm-none-eabi/lib/armv7-m/libc_nano.a(lib_a-strlen.o)
                              /opt/gcc-arm-none-eabi-5_4-2016q3/bin/../lib/gcc/arm-none-eabi/5.4.1/../../../../arm-none-eabi/lib/armv7-m/libc_nano.a(lib_a-nano-vfprintf_float.o) (strlen)
/opt/gcc-arm-none-eabi-5_4-2016q3/bin/../lib/gcc/arm-none-eabi/5.4.1/../../../../arm-none-eabi/lib/armv7-m/libc_nano.a(lib_a-dtoa.o)
                              /opt/gcc-arm-none-eabi-5_4-2016q3/bin/../lib/gcc/arm-none-eabi/5.4.1/../../../../arm-none-eabi/lib/armv7-m/libc_nano.a(lib_a-nano-vfprintf_float.o) (_dtoa_r)
/opt/gcc-arm-none-eabi-5_4-2016q3/bin/../lib/gcc/arm-none-eabi/5.4.1/../../../../arm-none-eabi/lib/armv7-m/libc_nano.a(lib_a-findfp.o)
                              /opt/gcc-arm-none-eabi-5_4-2016q3/bin/../lib/gcc/arm-none-eabi/5.4.1/../../../../arm-none-eabi/lib/armv7-m/libc_nano.a(lib_a-printf.o) (__sinit)
/opt/gcc-arm-none-eabi-5_4-2016q3/bin/../lib/gcc/arm-none-eabi/5.4.1/../../../../arm-none-eabi/lib/armv7-m/libc_nano.a(lib_a-fwalk.o)
                              /opt/gcc-arm-none-eabi-5_4-2016q3/bin/../lib/gcc/arm-none-eabi/5.4.1/../../../../arm-none-eabi/lib/armv7-m/libc_nano.a(lib_a-findfp.o) (_fwalk)
/opt/gcc-arm-none-eabi-5_4-2016q3/bin/../lib/gcc/arm-none-eabi/5.4.1/../../../../arm-none-eabi/lib/armv7-m/libc_nano.a(lib_a-localeconv.o)
                              /opt/gcc-arm-none-eabi-5_4-2016q3/bin/../lib/gcc/arm-none-eabi/5.4.1/../../../../arm-none-eabi/lib/armv7-m/libc_nano.a(lib_a-nano-vfprintf_float.o) (_localeconv_r)
/opt/gcc-arm-none-eabi-5_4-2016q3/bin/../lib/gcc/arm-none-eabi/5.4.1/../../../../arm-none-eabi/lib/armv7-m/libc_nano.a(lib_a-malloc.o)
                              /opt/gcc-arm-none-eabi-5_4-2016q3/bin/../lib/gcc/arm-none-eabi/5.4.1/../../../../arm-none-eabi/lib/armv7-m/libc_nano.a(lib_a-dtoa.o) (malloc)
/opt/gcc-arm-none-eabi-5_4-2016q3/bin/../lib/gcc/arm-none-eabi/5.4.1/../../../../arm-none-eabi/lib/armv7-m/libc_nano.a(lib_a-memchr-stub.o)
                              /opt/gcc-arm-none-eabi-5_4-2016q3/bin/../lib/gcc/arm-none-eabi/5.4.1/../../../../arm-none-eabi/lib/armv7-m/libc_nano.a(lib_a-nano-vfprintf_i.o) (memchr)
/opt/gcc-arm-none-eabi-5_4-2016q3/bin/../lib/gcc/arm-none-eabi/5.4.1/../../../../arm-none-eabi/lib/armv7-m/libc_nano.a(lib_a-memcpy-stub.o)
                              /opt/gcc-arm-none-eabi-5_4-2016q3/bin/../lib/gcc/arm-none-eabi/5.4.1/../../../../arm-none-eabi/lib/armv7-m/libc_nano.a(lib_a-dtoa.o) (memcpy)
/opt/gcc-arm-none-eabi-5_4-2016q3/bin/../lib/gcc/arm-none-eabi/5.4.1/../../../../arm-none-eabi/lib/armv7-m/libc_nano.a(lib_a-mprec.o)
                              /opt/gcc-arm-none-eabi-5_4-2016q3/bin/../lib/gcc/arm-none-eabi/5.4.1/../../../../arm-none-eabi/lib/armv7-m/libc_nano.a(lib_a-dtoa.o) (_Balloc)
/opt/gcc-arm-none-eabi-5_4-2016q3/bin/../lib/gcc/arm-none-eabi/5.4.1/../../../../arm-none-eabi/lib/armv7-m/libc_nano.a(lib_a-nano-callocr.o)
[...]
Memory Configuration

Name             Origin             Length             Attributes
FLASH            0x08000000         0x00080000         xr
RAM              0x20000000         0x00010000         xrw
MEMORY_B1        0x60000000         0x00000000         xr
*default*        0x00000000         0xffffffff

Linker script and memory map

LOAD /opt/gcc-arm-none-eabi-5_4-2016q3/bin/../lib/gcc/arm-none-eabi/5.4.1/armv7-m/crti.o
LOAD /opt/gcc-arm-none-eabi-5_4-2016q3/bin/../lib/gcc/arm-none-eabi/5.4.1/armv7-m/crtbegin.o
LOAD /opt/gcc-arm-none-eabi-5_4-2016q3/bin/../lib/gcc/arm-none-eabi/5.4.1/../../../../arm-none-eabi/lib/armv7-m/crt0.o
LOAD build/sys.o
LOAD build/timer.o
LOAD build/led.o
LOAD build/usart.o
LOAD build/rtc.o
LOAD build/delay.o
LOAD build/spi.o
LOAD build/beep.o
LOAD build/exti.o
LOAD build/main.o
LOAD build/stm32f10x_it.o
LOAD build/stm32f10x_dac.o
LOAD build/stm32f10x_can.o
LOAD build/stm32f10x_fsmc.o
LOAD build/stm32f10x_dma.o
LOAD build/stm32f10x_rtc.o
LOAD build/stm32f10x_spi.o
LOAD build/stm32f10x_rcc.o
LOAD build/stm32f10x_adc.o
LOAD build/stm32f10x_i2c.o
LOAD build/stm32f10x_cec.o
LOAD build/misc.o
LOAD build/stm32f10x_exti.o
LOAD build/stm32f10x_dbgmcu.o
LOAD build/stm32f10x_tim.o
LOAD build/stm32f10x_crc.o
LOAD build/stm32f10x_usart.o
LOAD build/stm32f10x_bkp.o
LOAD build/stm32f10x_sdio.o
LOAD build/stm32f10x_wwdg.o
LOAD build/stm32f10x_pwr.o
LOAD build/stm32f10x_flash.o
LOAD build/stm32f10x_gpio.o
LOAD build/stm32f10x_iwdg.o
LOAD build/system_stm32f10x.o
LOAD build/startup_stm32f10x_hd.o
LOAD /opt/gcc-arm-none-eabi-5_4-2016q3/bin/../lib/gcc/arm-none-eabi/5.4.1/../../../../arm-none-eabi/lib/armv7-m/libc_nano.a
LOAD /opt/gcc-arm-none-eabi-5_4-2016q3/bin/../lib/gcc/arm-none-eabi/5.4.1/../../../../arm-none-eabi/lib/armv7-m/libm.a
LOAD /opt/gcc-arm-none-eabi-5_4-2016q3/bin/../lib/gcc/arm-none-eabi/5.4.1/../../../../arm-none-eabi/lib/armv7-m/libnosys.a
LOAD /opt/gcc-arm-none-eabi-5_4-2016q3/bin/../lib/gcc/arm-none-eabi/5.4.1/../../../../arm-none-eabi/lib/armv7-m/libc_nano.a
LOAD /opt/gcc-arm-none-eabi-5_4-2016q3/bin/../lib/gcc/arm-none-eabi/5.4.1/../../../../arm-none-eabi/lib/armv7-m/librdimon_nano.a
START GROUP
LOAD /opt/gcc-arm-none-eabi-5_4-2016q3/bin/../lib/gcc/arm-none-eabi/5.4.1/armv7-m/libgcc.a
LOAD /opt/gcc-arm-none-eabi-5_4-2016q3/bin/../lib/gcc/arm-none-eabi/5.4.1/../../../../arm-none-eabi/lib/armv7-m/libc_nano.a
END GROUP
START GROUP
LOAD /opt/gcc-arm-none-eabi-5_4-2016q3/bin/../lib/gcc/arm-none-eabi/5.4.1/armv7-m/libgcc.a
LOAD /opt/gcc-arm-none-eabi-5_4-2016q3/bin/../lib/gcc/arm-none-eabi/5.4.1/../../../../arm-none-eabi/lib/armv7-m/libc_nano.a
END GROUP
LOAD /opt/gcc-arm-none-eabi-5_4-2016q3/bin/../lib/gcc/arm-none-eabi/5.4.1/armv7-m/crtend.o
LOAD /opt/gcc-arm-none-eabi-5_4-2016q3/bin/../lib/gcc/arm-none-eabi/5.4.1/armv7-m/crtn.o
                0x20010000                _estack = 0x20010000
                0x00000000                _Min_Heap_Size = 0x0
                0x00000200                _Min_Stack_Size = 0x200

.isr_vector     0x08000000      0x1e4
                0x08000000                . = ALIGN (0x4)
 *(.isr_vector)
 .isr_vector    0x08000000      0x1e4 build/startup_stm32f10x_hd.o
                0x08000000                g_pfnVectors
                0x080001e4                . = ALIGN (0x4)

.eh_frame       0x080001e4        0x0
 .eh_frame      0x080001e4        0x0 /opt/gcc-arm-none-eabi-5_4-2016q3/bin/../lib/gcc/arm-none-eabi/5.4.1/armv7-m/crtbegin.o

.text           0x080001e8     0x3610
                0x080001e8                . = ALIGN (0x4)
 *(.text)
 .text          0x080001e8       0x5c /opt/gcc-arm-none-eabi-5_4-2016q3/bin/../lib/gcc/arm-none-eabi/5.4.1/armv7-m/crtbegin.o
 .text          0x08000244       0x10 /opt/gcc-arm-none-eabi-5_4-2016q3/bin/../lib/gcc/arm-none-eabi/5.4.1/../../../../arm-none-eabi/lib/armv7-m/libc_nano.a(lib_a-strlen.o)
                0x08000244                strlen
 .text          0x08000254      0x370 /opt/gcc-arm-none-eabi-5_4-2016q3/bin/../lib/gcc/arm-none-eabi/5.4.1/armv7-m/libgcc.a(_arm_addsubdf3.o)
                0x08000254                __aeabi_drsub
                0x0800025c                __aeabi_dsub
                0x0800025c                __subdf3
                0x08000260                __adddf3
                0x08000260                __aeabi_dadd
                0x080004d8                __aeabi_ui2d
                0x080004d8                __floatunsidf
                0x080004f8                __floatsidf
                0x080004f8                __aeabi_i2d
                0x0800051c                __extendsfdf2
                0x0800051c                __aeabi_f2d
                0x08000558                __aeabi_ul2d
                0x08000558                __floatundidf
                0x08000568                __floatdidf
                0x08000568                __aeabi_l2d
 .text          0x080005c4      0x424 /opt/gcc-arm-none-eabi-5_4-2016q3/bin/../lib/gcc/arm-none-eabi/5.4.1/armv7-m/libgcc.a(_arm_muldivdf3.o)
                0x080005c4                __aeabi_dmul
                0x080005c4                __muldf3
                0x08000818                __aeabi_ddiv
                0x08000818                __divdf3
 .text          0x080009e8      0x110 /opt/gcc-arm-none-eabi-5_4-2016q3/bin/../lib/gcc/arm-none-eabi/5.4.1/armv7-m/libgcc.a(_arm_cmpdf2.o)
                0x080009e8                __gtdf2
                0x080009e8                __gedf2
                0x080009f0                __ltdf2
                0x080009f0                __ledf2
                0x080009f8                __cmpdf2
                0x080009f8                __eqdf2
                0x080009f8                __nedf2
                0x08000a74                __aeabi_cdrcmple
                0x08000a84                __aeabi_cdcmple
                0x08000a84                __aeabi_cdcmpeq
                0x08000a94                __aeabi_dcmpeq
                0x08000aa8                __aeabi_dcmplt
                0x08000abc                __aeabi_dcmple
                0x08000ad0                __aeabi_dcmpge
                0x08000ae4                __aeabi_dcmpgt
 .text          0x08000af8       0x2c /opt/gcc-arm-none-eabi-5_4-2016q3/bin/../lib/gcc/arm-none-eabi/5.4.1/armv7-m/libgcc.a(_arm_unorddf2.o)
                0x08000af8                __aeabi_dcmpun
                0x08000af8                __unorddf2
 .text          0x08000b24       0x50 /opt/gcc-arm-none-eabi-5_4-2016q3/bin/../lib/gcc/arm-none-eabi/5.4.1/armv7-m/libgcc.a(_arm_fixdfsi.o)
                0x08000b24                __fixdfsi
                0x08000b24                __aeabi_d2iz
 *(.text*)
 .text.STM32_NVIC_SetPriority
                0x08000b74       0x30 build/sys.o
                0x08000b74                STM32_NVIC_SetPriority
 .text.TIMx_Current_Config
                0x08000ba4       0x80 build/timer.o
                0x08000ba4                TIMx_Current_Config
 .text.TIMx_Current_NVIC_Config
                0x08000c24       0x64 build/timer.o
                0x08000c24                TIMx_Current_NVIC_Config
 .text.TIM2_IRQHandler
                0x08000c88       0x30 build/timer.o
                0x08000c88                TIM2_IRQHandler
 .text.LED_GPIO_Config
                0x08000cb8       0x64 build/led.o
                0x08000cb8                LED_GPIO_Config
 .text.USART1_GPIO_Config
                0x08000d1c       0x4c build/usart.o
                0x08000d1c                USART1_GPIO_Config
 .text.USART2_GPIO_Config
                0x08000d68       0x4c build/usart.o
                0x08000d68                USART2_GPIO_Config
 .text.USART3_GPIO_Config
                0x08000db4       0x54 build/usart.o
                0x08000db4                USART3_GPIO_Config
 .text.USARTx_Config
                0x08000e08       0x78 build/usart.o
                0x08000e08                USARTx_Config
 .text.USARTx_NVIC_Config
                0x08000e80       0x64 build/usart.o
                0x08000e80                USARTx_NVIC_Config
 .text.USARTx_SendByte
                0x08000ee4       0x18 build/usart.o
                0x08000ee4                USARTx_SendByte
 .text.USARTx_SendString
                0x08000efc       0x20 build/usart.o
                0x08000efc                USARTx_SendString
 .text.USART1_IRQHandler
                0x08000f1c       0x50 build/usart.o
                0x08000f1c                USART1_IRQHandler
 .text.RTC_GetYearState
                0x08000f6c       0x38 build/rtc.o
                0x08000f6c                RTC_GetYearState
 .text.SecTime_NormTime
                0x08000fa4       0xf0 build/rtc.o
                0x08000fa4                SecTime_NormTime
 .text.RTC_GetTime
                0x08001094       0x10 build/rtc.o
                0x08001094                RTC_GetTime
 .text.RTC_IRQHandler
                0x080010a4       0x2c build/rtc.o
                0x080010a4                RTC_IRQHandler
 .text.Delay_Init
                0x080010d0       0x3c build/delay.o
                0x080010d0                Delay_Init
 .text.DelayMs  0x0800110c       0x3c build/delay.o
                0x0800110c                DelayMs
 .text.BEEP_GPIO_Config
                0x08001148       0x3c build/beep.o
                0x08001148                BEEP_GPIO_Config
 .text.main     0x08001184       0x94 build/main.o
                0x08001184                main
 .text.NMI_Handler
                0x08001218        0x4 build/stm32f10x_it.o
                0x08001218                NMI_Handler
 .text.HardFault_Handler
                0x0800121c        0x4 build/stm32f10x_it.o
                0x0800121c                HardFault_Handler
 .text.MemManage_Handler
                0x08001220        0x4 build/stm32f10x_it.o
                0x08001220                MemManage_Handler
 .text.BusFault_Handler
                0x08001224        0x4 build/stm32f10x_it.o
                0x08001224                BusFault_Handler
 .text.UsageFault_Handler
                0x08001228        0x4 build/stm32f10x_it.o
                0x08001228                UsageFault_Handler
 .text.SVC_Handler
                0x0800122c        0x4 build/stm32f10x_it.o
                0x0800122c                SVC_Handler
 .text.DebugMon_Handler
                0x08001230        0x4 build/stm32f10x_it.o
                0x08001230                DebugMon_Handler
 .text.PendSV_Handler
                0x08001234        0x4 build/stm32f10x_it.o
                0x08001234                PendSV_Handler
 .text.SysTick_Handler
                0x08001238        0x4 build/stm32f10x_it.o
                0x08001238                SysTick_Handler
 .text.RTC_GetCounter
                0x0800123c       0x14 build/stm32f10x_rtc.o
                0x0800123c                RTC_GetCounter
 .text.RTC_GetFlagStatus
                0x08001250       0x14 build/stm32f10x_rtc.o
                0x08001250                RTC_GetFlagStatus
 .text.RTC_ClearITPendingBit
                0x08001264       0x14 build/stm32f10x_rtc.o
                0x08001264                RTC_ClearITPendingBit
 .text.RCC_GetClocksFreq
                0x08001278       0xbc build/stm32f10x_rcc.o
                0x08001278                RCC_GetClocksFreq
 .text.RCC_APB2PeriphClockCmd
                0x08001334       0x1c build/stm32f10x_rcc.o
                0x08001334                RCC_APB2PeriphClockCmd
 .text.RCC_APB1PeriphClockCmd
                0x08001350       0x1c build/stm32f10x_rcc.o
                0x08001350                RCC_APB1PeriphClockCmd
 .text.RCC_APB2PeriphResetCmd
                0x0800136c       0x1c build/stm32f10x_rcc.o
                0x0800136c                RCC_APB2PeriphResetCmd
 .text.RCC_APB1PeriphResetCmd
                0x08001388       0x1c build/stm32f10x_rcc.o
                0x08001388                RCC_APB1PeriphResetCmd
 .text.NVIC_PriorityGroupConfig
                0x080013a4       0x14 build/misc.o
                0x080013a4                NVIC_PriorityGroupConfig
 .text.NVIC_Init
                0x080013b8       0x64 build/misc.o
                0x080013b8                NVIC_Init
 .text.SysTick_CLKSourceConfig
                0x0800141c       0x20 build/misc.o
                0x0800141c                SysTick_CLKSourceConfig
 .text.TIM_DeInit
                0x0800143c      0x200 build/stm32f10x_tim.o
                0x0800143c                TIM_DeInit
 .text.TIM_TimeBaseInit
                0x0800163c       0x94 build/stm32f10x_tim.o
                0x0800163c                TIM_TimeBaseInit
 .text.TIM_Cmd  0x080016d0       0x1c build/stm32f10x_tim.o
                0x080016d0                TIM_Cmd
 .text.TIM_ITConfig
                0x080016ec       0x18 build/stm32f10x_tim.o
                0x080016ec                TIM_ITConfig
 .text.TIM_SetCounter
                0x08001704        0x4 build/stm32f10x_tim.o
                0x08001704                TIM_SetCounter
 .text.TIM_ClearFlag
                0x08001708        0x8 build/stm32f10x_tim.o
                0x08001708                TIM_ClearFlag
 .text.TIM_GetITStatus
                0x08001710       0x18 build/stm32f10x_tim.o
                0x08001710                TIM_GetITStatus
 .text.TIM_ClearITPendingBit
                0x08001728        0x8 build/stm32f10x_tim.o
                0x08001728                TIM_ClearITPendingBit
 .text.USART_Init
                0x08001730       0xc8 build/stm32f10x_usart.o
                0x08001730                USART_Init
 .text.USART_Cmd
                0x080017f8       0x1c build/stm32f10x_usart.o
                0x080017f8                USART_Cmd
 .text.USART_ITConfig
                0x08001814       0x38 build/stm32f10x_usart.o
                0x08001814                USART_ITConfig
 .text.USART_SendData
                0x0800184c        0x8 build/stm32f10x_usart.o
                0x0800184c                USART_SendData
 .text.USART_ReceiveData
                0x08001854        0x8 build/stm32f10x_usart.o
                0x08001854                USART_ReceiveData
 .text.USART_GetFlagStatus
                0x0800185c       0x10 build/stm32f10x_usart.o
                0x0800185c                USART_GetFlagStatus
 .text.GPIO_Init
                0x0800186c       0x9c build/stm32f10x_gpio.o
                0x0800186c                GPIO_Init
 .text.GPIO_SetBits
                0x08001908        0x4 build/stm32f10x_gpio.o
                0x08001908                GPIO_SetBits
 .text.SetSysClockTo72
                0x0800190c       0xc4 build/system_stm32f10x.o
 .text.SetSysClock
                0x080019d0        0x8 build/system_stm32f10x.o
 .text.SystemInit
                0x080019d8       0x50 build/system_stm32f10x.o
                0x080019d8                SystemInit
 .text.Reset_Handler
                0x08001a28       0x48 build/startup_stm32f10x_hd.o
                0x08001a28                Reset_Handler
 .text.Default_Handler
                0x08001a70        0x2 build/startup_stm32f10x_hd.o
                0x08001a70                EXTI2_IRQHandler
                0x08001a70                TIM8_TRG_COM_IRQHandler
                0x08001a70                TIM8_CC_IRQHandler
                0x08001a70                TIM1_CC_IRQHandler
                0x08001a70                TIM6_IRQHandler
                0x08001a70                PVD_IRQHandler
                0x08001a70                SDIO_IRQHandler
                0x08001a70                EXTI3_IRQHandler
                0x08001a70                EXTI0_IRQHandler
                0x08001a70                I2C2_EV_IRQHandler
                0x08001a70                ADC1_2_IRQHandler
                0x08001a70                SPI1_IRQHandler
                0x08001a70                TAMPER_IRQHandler
                0x08001a70                TIM8_UP_IRQHandler
                0x08001a70                DMA2_Channel2_IRQHandler
                0x08001a70                DMA1_Channel4_IRQHandler
                0x08001a70                USART3_IRQHandler
                0x08001a70                DMA1_Channel7_IRQHandler
                0x08001a70                CAN1_RX1_IRQHandler
                0x08001a70                UART5_IRQHandler
                0x08001a70                ADC3_IRQHandler
                0x08001a70                TIM4_IRQHandler
                0x08001a70                DMA2_Channel1_IRQHandler
                0x08001a70                I2C1_EV_IRQHandler
                0x08001a70                DMA1_Channel6_IRQHandler
                0x08001a70                UART4_IRQHandler
                0x08001a70                TIM3_IRQHandler
                0x08001a70                RCC_IRQHandler
                0x08001a70                TIM1_TRG_COM_IRQHandler
                0x08001a70                DMA1_Channel1_IRQHandler
                0x08001a70                Default_Handler
                0x08001a70                EXTI15_10_IRQHandler
                0x08001a70                TIM7_IRQHandler
                0x08001a70                TIM5_IRQHandler
                0x08001a70                EXTI9_5_IRQHandler
                0x08001a70                SPI2_IRQHandler
                0x08001a70                DMA1_Channel5_IRQHandler
                0x08001a70                EXTI4_IRQHandler
                0x08001a70                USB_LP_CAN1_RX0_IRQHandler
                0x08001a70                USB_HP_CAN1_TX_IRQHandler
                0x08001a70                DMA1_Channel3_IRQHandler
                0x08001a70                FSMC_IRQHandler
                0x08001a70                TIM1_UP_IRQHandler
                0x08001a70                WWDG_IRQHandler
                0x08001a70                TIM1_BRK_IRQHandler
                0x08001a70                EXTI1_IRQHandler
                0x08001a70                RTCAlarm_IRQHandler
                0x08001a70                DMA2_Channel4_5_IRQHandler
                0x08001a70                USART2_IRQHandler
                0x08001a70                I2C2_ER_IRQHandler
                0x08001a70                DMA1_Channel2_IRQHandler
                0x08001a70                TIM8_BRK_IRQHandler
                0x08001a70                CAN1_SCE_IRQHandler
                0x08001a70                FLASH_IRQHandler
                0x08001a70                SPI3_IRQHandler
                0x08001a70                I2C1_ER_IRQHandler
                0x08001a70                USBWakeUp_IRQHandler
                0x08001a70                DMA2_Channel3_IRQHandler
 *fill*         0x08001a72        0x2 
 .text.__libc_init_array
                0x08001a74       0x4c /opt/gcc-arm-none-eabi-5_4-2016q3/bin/../lib/gcc/arm-none-eabi/5.4.1/../../../../arm-none-eabi/lib/armv7-m/libc_nano.a(lib_a-init.o)
                0x08001a74                __libc_init_array
 .text.memset   0x08001ac0       0x10 /opt/gcc-arm-none-eabi-5_4-2016q3/bin/../lib/gcc/arm-none-eabi/5.4.1/../../../../arm-none-eabi/lib/armv7-m/libc_nano.a(lib_a-memset.o)
                0x08001ac0                memset
 .text.__cvt    0x08001ad0       0xc0 /opt/gcc-arm-none-eabi-5_4-2016q3/bin/../lib/gcc/arm-none-eabi/5.4.1/../../../../arm-none-eabi/lib/armv7-m/libc_nano.a(lib_a-nano-vfprintf_float.o)
                0x08001ad0                __cvt
 .text.__exponent
                0x08001b90       0x62 /opt/gcc-arm-none-eabi-5_4-2016q3/bin/../lib/gcc/arm-none-eabi/5.4.1/../../../../arm-none-eabi/lib/armv7-m/libc_nano.a(lib_a-nano-vfprintf_float.o)
                0x08001b90                __exponent
 *fill*         0x08001bf2        0x2 
 .text._printf_float
                0x08001bf4      0x488 /opt/gcc-arm-none-eabi-5_4-2016q3/bin/../lib/gcc/arm-none-eabi/5.4.1/../../../../arm-none-eabi/lib/armv7-m/libc_nano.a(lib_a-nano-vfprintf_float.o)
                0x08001bf4                _printf_float
 .text._printf_common
                0x0800207c       0xec /opt/gcc-arm-none-eabi-5_4-2016q3/bin/../lib/gcc/arm-none-eabi/5.4.1/../../../../arm-none-eabi/lib/armv7-m/libc_nano.a(lib_a-nano-vfprintf_i.o)
                0x0800207c                _printf_common
 .text.quorem   0x08002168      0x116 /opt/gcc-arm-none-eabi-5_4-2016q3/bin/../lib/gcc/arm-none-eabi/5.4.1/../../../../arm-none-eabi/lib/armv7-m/libc_nano.a(lib_a-dtoa.o)
 *fill*         0x0800227e        0x2 
 .text._dtoa_r  0x08002280      0xb30 /opt/gcc-arm-none-eabi-5_4-2016q3/bin/../lib/gcc/arm-none-eabi/5.4.1/../../../../arm-none-eabi/lib/armv7-m/libc_nano.a(lib_a-dtoa.o)
                0x08002280                _dtoa_r
 .text._localeconv_r
                0x08002db0       0x1c /opt/gcc-arm-none-eabi-5_4-2016q3/bin/../lib/gcc/arm-none-eabi/5.4.1/../../../../arm-none-eabi/lib/armv7-m/libc_nano.a(lib_a-localeconv.o)
                0x08002db0                _localeconv_r
 .text.malloc   0x08002dcc       0x10 /opt/gcc-arm-none-eabi-5_4-2016q3/bin/../lib/gcc/arm-none-eabi/5.4.1/../../../../arm-none-eabi/lib/armv7-m/libc_nano.a(lib_a-malloc.o)
                0x08002dcc                malloc
 .text.memcpy   0x08002ddc       0x16 /opt/gcc-arm-none-eabi-5_4-2016q3/bin/../lib/gcc/arm-none-eabi/5.4.1/../../../../arm-none-eabi/lib/armv7-m/libc_nano.a(lib_a-memcpy-stub.o)
                0x08002ddc                memcpy
 .text._Balloc  0x08002df2       0x6a /opt/gcc-arm-none-eabi-5_4-2016q3/bin/../lib/gcc/arm-none-eabi/5.4.1/../../../../arm-none-eabi/lib/armv7-m/libc_nano.a(lib_a-mprec.o)
                0x08002df2                _Balloc
 .text._Bfree   0x08002e5c       0x2e /opt/gcc-arm-none-eabi-5_4-2016q3/bin/../lib/gcc/arm-none-eabi/5.4.1/../../../../arm-none-eabi/lib/armv7-m/libc_nano.a(lib_a-mprec.o)
                0x08002e5c                _Bfree
 .text.__multadd
                0x08002e8a       0x76 /opt/gcc-arm-none-eabi-5_4-2016q3/bin/../lib/gcc/arm-none-eabi/5.4.1/../../../../arm-none-eabi/lib/armv7-m/libc_nano.a(lib_a-mprec.o)
                0x08002e8a                __multadd
 .text.__hi0bits
                0x08002f00       0x40 /opt/gcc-arm-none-eabi-5_4-2016q3/bin/../lib/gcc/arm-none-eabi/5.4.1/../../../../arm-none-eabi/lib/armv7-m/libc_nano.a(lib_a-mprec.o)
                0x08002f00                __hi0bits
 .text.__lo0bits
                0x08002f40       0x5a /opt/gcc-arm-none-eabi-5_4-2016q3/bin/../lib/gcc/arm-none-eabi/5.4.1/../../../../arm-none-eabi/lib/armv7-m/libc_nano.a(lib_a-mprec.o)
                0x08002f40                __lo0bits
 .text.__i2b    0x08002f9a       0x12 /opt/gcc-arm-none-eabi-5_4-2016q3/bin/../lib/gcc/arm-none-eabi/5.4.1/../../../../arm-none-eabi/lib/armv7-m/libc_nano.a(lib_a-mprec.o)
                0x08002f9a                __i2b
 .text.__multiply
                0x08002fac      0x120 /opt/gcc-arm-none-eabi-5_4-2016q3/bin/../lib/gcc/arm-none-eabi/5.4.1/../../../../arm-none-eabi/lib/armv7-m/libc_nano.a(lib_a-mprec.o)
                0x08002fac                __multiply
 .text.__pow5mult
                0x080030cc       0x9c /opt/gcc-arm-none-eabi-5_4-2016q3/bin/../lib/gcc/arm-none-eabi/5.4.1/../../../../arm-none-eabi/lib/armv7-m/libc_nano.a(lib_a-mprec.o)
                0x080030cc                __pow5mult
 .text.__lshift
                0x08003168       0xa2 /opt/gcc-arm-none-eabi-5_4-2016q3/bin/../lib/gcc/arm-none-eabi/5.4.1/../../../../arm-none-eabi/lib/armv7-m/libc_nano.a(lib_a-mprec.o)
                0x08003168                __lshift
 .text.__mcmp   0x0800320a       0x38 /opt/gcc-arm-none-eabi-5_4-2016q3/bin/../lib/gcc/arm-none-eabi/5.4.1/../../../../arm-none-eabi/lib/armv7-m/libc_nano.a(lib_a-mprec.o)
                0x0800320a                __mcmp
 .text.__mdiff  0x08003242       0xbe /opt/gcc-arm-none-eabi-5_4-2016q3/bin/../lib/gcc/arm-none-eabi/5.4.1/../../../../arm-none-eabi/lib/armv7-m/libc_nano.a(lib_a-mprec.o)
                0x08003242                __mdiff
 .text.__d2b    0x08003300       0x9c /opt/gcc-arm-none-eabi-5_4-2016q3/bin/../lib/gcc/arm-none-eabi/5.4.1/../../../../arm-none-eabi/lib/armv7-m/libc_nano.a(lib_a-mprec.o)
                0x08003300                __d2b
 .text._calloc_r
                0x0800339c       0x1c /opt/gcc-arm-none-eabi-5_4-2016q3/bin/../lib/gcc/arm-none-eabi/5.4.1/../../../../arm-none-eabi/lib/armv7-m/libc_nano.a(lib_a-nano-callocr.o)
                0x0800339c                _calloc_r
 .text._malloc_r
                0x080033b8       0xbc /opt/gcc-arm-none-eabi-5_4-2016q3/bin/../lib/gcc/arm-none-eabi/5.4.1/../../../../arm-none-eabi/lib/armv7-m/libc_nano.a(lib_a-nano-mallocr.o)
                0x080033b8                _malloc_r
 .text._sbrk_r  0x08003474       0x20 /opt/gcc-arm-none-eabi-5_4-2016q3/bin/../lib/gcc/arm-none-eabi/5.4.1/../../../../arm-none-eabi/lib/armv7-m/libc_nano.a(lib_a-sbrkr.o)
                0x08003474                _sbrk_r
 .text.__ascii_mbtowc
                0x08003494       0x24 /opt/gcc-arm-none-eabi-5_4-2016q3/bin/../lib/gcc/arm-none-eabi/5.4.1/../../../../arm-none-eabi/lib/armv7-m/libc_nano.a(lib_a-mbtowc_r.o)
                0x08003494                __ascii_mbtowc
 .text.__malloc_lock
                0x080034b8        0x2 /opt/gcc-arm-none-eabi-5_4-2016q3/bin/../lib/gcc/arm-none-eabi/5.4.1/../../../../arm-none-eabi/lib/armv7-m/libc_nano.a(lib_a-mlock.o)
                0x080034b8                __malloc_lock
 .text.__malloc_unlock
                0x080034ba        0x2 /opt/gcc-arm-none-eabi-5_4-2016q3/bin/../lib/gcc/arm-none-eabi/5.4.1/../../../../arm-none-eabi/lib/armv7-m/libc_nano.a(lib_a-mlock.o)
                0x080034ba                __malloc_unlock
 .text.__ascii_wctomb
                0x080034bc       0x1a /opt/gcc-arm-none-eabi-5_4-2016q3/bin/../lib/gcc/arm-none-eabi/5.4.1/../../../../arm-none-eabi/lib/armv7-m/libc_nano.a(lib_a-wctomb_r.o)
                0x080034bc                __ascii_wctomb
 *fill*         0x080034d6        0x2 
 .text._sbrk    0x080034d8       0x1c /opt/gcc-arm-none-eabi-5_4-2016q3/bin/../lib/gcc/arm-none-eabi/5.4.1/../../../../arm-none-eabi/lib/armv7-m/libnosys.a(sbrk.o)
                0x080034d8                _sbrk
 *(.rodata)
 *(.rodata*)
 .rodata.mon_p  0x080034f4       0x30 build/rtc.o
 .rodata.mon_r  0x08003524       0x30 build/rtc.o
 .rodata.str1.1
                0x08003554       0x12 /opt/gcc-arm-none-eabi-5_4-2016q3/bin/../lib/gcc/arm-none-eabi/5.4.1/../../../../arm-none-eabi/lib/armv7-m/libc_nano.a(lib_a-nano-vfprintf_float.o)
 .rodata.str1.1
                0x08003566        0xd /opt/gcc-arm-none-eabi-5_4-2016q3/bin/../lib/gcc/arm-none-eabi/5.4.1/../../../../arm-none-eabi/lib/armv7-m/libc_nano.a(lib_a-dtoa.o)
                                  0xf (size before relaxing)
 *fill*         0x08003573        0x1 
 .rodata.__sf_fake_stdin
                0x08003574       0x20 /opt/gcc-arm-none-eabi-5_4-2016q3/bin/../lib/gcc/arm-none-eabi/5.4.1/../../../../arm-none-eabi/lib/armv7-m/libc_nano.a(lib_a-findfp.o)
                0x08003574                __sf_fake_stdin
 .rodata.__sf_fake_stdout
                0x08003594       0x20 /opt/gcc-arm-none-eabi-5_4-2016q3/bin/../lib/gcc/arm-none-eabi/5.4.1/../../../../arm-none-eabi/lib/armv7-m/libc_nano.a(lib_a-findfp.o)
                0x08003594                __sf_fake_stdout
 .rodata.__sf_fake_stderr
                0x080035b4       0x20 /opt/gcc-arm-none-eabi-5_4-2016q3/bin/../lib/gcc/arm-none-eabi/5.4.1/../../../../arm-none-eabi/lib/armv7-m/libc_nano.a(lib_a-findfp.o)
                0x080035b4                __sf_fake_stderr
 *fill*         0x080035d4        0x4 
 .rodata.__mprec_tens
                0x080035d8       0xc8 /opt/gcc-arm-none-eabi-5_4-2016q3/bin/../lib/gcc/arm-none-eabi/5.4.1/../../../../arm-none-eabi/lib/armv7-m/libc_nano.a(lib_a-mprec.o)
                0x080035d8                __mprec_tens
 .rodata.__mprec_bigtens
                0x080036a0       0x28 /opt/gcc-arm-none-eabi-5_4-2016q3/bin/../lib/gcc/arm-none-eabi/5.4.1/../../../../arm-none-eabi/lib/armv7-m/libc_nano.a(lib_a-mprec.o)
                0x080036a0                __mprec_bigtens
 .rodata.p05.6097
                0x080036c8        0xc /opt/gcc-arm-none-eabi-5_4-2016q3/bin/../lib/gcc/arm-none-eabi/5.4.1/../../../../arm-none-eabi/lib/armv7-m/libc_nano.a(lib_a-mprec.o)
 .rodata.str1.1
                0x080036d4        0xa /opt/gcc-arm-none-eabi-5_4-2016q3/bin/../lib/gcc/arm-none-eabi/5.4.1/../../../../arm-none-eabi/lib/armv7-m/libc_nano.a(lib_a-locale.o)
                                  0xb (size before relaxing)
 .rodata._ctype_
                0x080036de      0x101 /opt/gcc-arm-none-eabi-5_4-2016q3/bin/../lib/gcc/arm-none-eabi/5.4.1/../../../../arm-none-eabi/lib/armv7-m/libc_nano.a(lib_a-ctype_.o)
                0x080036de                _ctype_
 *(.glue_7)
 .glue_7        0x080037df        0x0 linker stubs
 *(.glue_7t)
 .glue_7t       0x080037df        0x0 linker stubs
 *(.init)
 *fill*         0x080037df        0x1 
 .init          0x080037e0        0x4 /opt/gcc-arm-none-eabi-5_4-2016q3/bin/../lib/gcc/arm-none-eabi/5.4.1/armv7-m/crti.o
                0x080037e0                _init
 .init          0x080037e4        0x8 /opt/gcc-arm-none-eabi-5_4-2016q3/bin/../lib/gcc/arm-none-eabi/5.4.1/armv7-m/crtn.o
 *(.fini)
 .fini          0x080037ec        0x4 /opt/gcc-arm-none-eabi-5_4-2016q3/bin/../lib/gcc/arm-none-eabi/5.4.1/armv7-m/crti.o
                0x080037ec                _fini
 .fini          0x080037f0        0x8 /opt/gcc-arm-none-eabi-5_4-2016q3/bin/../lib/gcc/arm-none-eabi/5.4.1/armv7-m/crtn.o
                0x080037f8                . = ALIGN (0x4)
                0x080037f8                _etext = .

.vfp11_veneer   0x080037f8        0x0
 .vfp11_veneer  0x080037f8        0x0 linker stubs

.v4_bx          0x080037f8        0x0
 .v4_bx         0x080037f8        0x0 linker stubs

.iplt           0x080037f8        0x0
 .iplt          0x080037f8        0x0 /opt/gcc-arm-none-eabi-5_4-2016q3/bin/../lib/gcc/arm-none-eabi/5.4.1/armv7-m/crtbegin.o

.rel.dyn        0x080037f8        0x0
 .rel.iplt      0x080037f8        0x0 /opt/gcc-arm-none-eabi-5_4-2016q3/bin/../lib/gcc/arm-none-eabi/5.4.1/armv7-m/crtbegin.o

.ARM.extab
 *(.ARM.extab* .gnu.linkonce.armextab.*)

.ARM            0x080037f8        0x0
                0x080037f8                __exidx_start = .
 *(.ARM.exidx*)
                0x080037f8                __exidx_end = .

.ARM.attributes
                0x080037f8       0x29
 *(.ARM.attributes)
 .ARM.attributes
                0x080037f8       0x1d /opt/gcc-arm-none-eabi-5_4-2016q3/bin/../lib/gcc/arm-none-eabi/5.4.1/armv7-m/crti.o
 .ARM.attributes
                0x08003815       0x2d /opt/gcc-arm-none-eabi-5_4-2016q3/bin/../lib/gcc/arm-none-eabi/5.4.1/armv7-m/crtbegin.o
 .ARM.attributes
                0x08003842       0x33 build/sys.o
 .ARM.attributes
                0x08003875       0x33 build/timer.o
 .ARM.attributes
                0x080038a8       0x33 build/led.o
 .ARM.attributes
                0x080038db       0x33 build/usart.o
 .ARM.attributes
                0x0800390e       0x33 build/rtc.o
 .ARM.attributes
                0x08003941       0x33 build/delay.o
 .ARM.attributes
                0x08003974       0x33 build/beep.o
 .ARM.attributes
                0x080039a7       0x33 build/main.o
 .ARM.attributes
                0x080039da       0x33 build/stm32f10x_it.o
 .ARM.attributes
                0x08003a0d       0x33 build/stm32f10x_rtc.o
 .ARM.attributes
                0x08003a40       0x33 build/stm32f10x_rcc.o
 .ARM.attributes
                0x08003a73       0x33 build/misc.o
 .ARM.attributes
                0x08003aa6       0x33 build/stm32f10x_tim.o
 .ARM.attributes
                0x08003ad9       0x33 build/stm32f10x_usart.o
 .ARM.attributes
                0x08003b0c       0x33 build/stm32f10x_gpio.o
 .ARM.attributes
                0x08003b3f       0x33 build/system_stm32f10x.o
 .ARM.attributes
                0x08003b72       0x21 build/startup_stm32f10x_hd.o
 .ARM.attributes
                0x08003b93       0x2d /opt/gcc-arm-none-eabi-5_4-2016q3/bin/../lib/gcc/arm-none-eabi/5.4.1/../../../../arm-none-eabi/lib/armv7-m/libc_nano.a(lib_a-impure.o)
 .ARM.attributes
                0x08003bc0       0x2d /opt/gcc-arm-none-eabi-5_4-2016q3/bin/../lib/gcc/arm-none-eabi/5.4.1/../../../../arm-none-eabi/lib/armv7-m/libc_nano.a(lib_a-init.o)
 .ARM.attributes
                0x08003bed       0x2d /opt/gcc-arm-none-eabi-5_4-2016q3/bin/../lib/gcc/arm-none-eabi/5.4.1/../../../../arm-none-eabi/lib/armv7-m/libc_nano.a(lib_a-memset.o)
 .ARM.attributes
                0x08003c1a       0x2d /opt/gcc-arm-none-eabi-5_4-2016q3/bin/../lib/gcc/arm-none-eabi/5.4.1/../../../../arm-none-eabi/lib/armv7-m/libc_nano.a(lib_a-nano-vfprintf_float.o)
 .ARM.attributes
                0x08003c47       0x2d /opt/gcc-arm-none-eabi-5_4-2016q3/bin/../lib/gcc/arm-none-eabi/5.4.1/../../../../arm-none-eabi/lib/armv7-m/libc_nano.a(lib_a-nano-vfprintf_i.o)
 .ARM.attributes
                0x08003c74       0x17 /opt/gcc-arm-none-eabi-5_4-2016q3/bin/../lib/gcc/arm-none-eabi/5.4.1/../../../../arm-none-eabi/lib/armv7-m/libc_nano.a(lib_a-strlen.o)
 .ARM.attributes
                0x08003c8b       0x2d /opt/gcc-arm-none-eabi-5_4-2016q3/bin/../lib/gcc/arm-none-eabi/5.4.1/../../../../arm-none-eabi/lib/armv7-m/libc_nano.a(lib_a-dtoa.o)
 .ARM.attributes
                0x08003cb8       0x2d /opt/gcc-arm-none-eabi-5_4-2016q3/bin/../lib/gcc/arm-none-eabi/5.4.1/../../../../arm-none-eabi/lib/armv7-m/libc_nano.a(lib_a-findfp.o)
 .ARM.attributes
                0x08003ce5       0x2d /opt/gcc-arm-none-eabi-5_4-2016q3/bin/../lib/gcc/arm-none-eabi/5.4.1/../../../../arm-none-eabi/lib/armv7-m/libc_nano.a(lib_a-localeconv.o)
 .ARM.attributes
                0x08003d12       0x2d /opt/gcc-arm-none-eabi-5_4-2016q3/bin/../lib/gcc/arm-none-eabi/5.4.1/../../../../arm-none-eabi/lib/armv7-m/libc_nano.a(lib_a-malloc.o)
 .ARM.attributes
                0x08003d3f       0x2d /opt/gcc-arm-none-eabi-5_4-2016q3/bin/../lib/gcc/arm-none-eabi/5.4.1/../../../../arm-none-eabi/lib/armv7-m/libc_nano.a(lib_a-memcpy-stub.o)
 .ARM.attributes
                0x08003d6c       0x2d /opt/gcc-arm-none-eabi-5_4-2016q3/bin/../lib/gcc/arm-none-eabi/5.4.1/../../../../arm-none-eabi/lib/armv7-m/libc_nano.a(lib_a-mprec.o)
 .ARM.attributes
                0x08003d99       0x2d /opt/gcc-arm-none-eabi-5_4-2016q3/bin/../lib/gcc/arm-none-eabi/5.4.1/../../../../arm-none-eabi/lib/armv7-m/libc_nano.a(lib_a-nano-callocr.o)
 .ARM.attributes
                0x08003dc6       0x2d /opt/gcc-arm-none-eabi-5_4-2016q3/bin/../lib/gcc/arm-none-eabi/5.4.1/../../../../arm-none-eabi/lib/armv7-m/libc_nano.a(lib_a-nano-mallocr.o)
 .ARM.attributes
                0x08003df3       0x2d /opt/gcc-arm-none-eabi-5_4-2016q3/bin/../lib/gcc/arm-none-eabi/5.4.1/../../../../arm-none-eabi/lib/armv7-m/libc_nano.a(lib_a-sbrkr.o)
 .ARM.attributes
                0x08003e20       0x2d /opt/gcc-arm-none-eabi-5_4-2016q3/bin/../lib/gcc/arm-none-eabi/5.4.1/../../../../arm-none-eabi/lib/armv7-m/libc_nano.a(lib_a-locale.o)
 .ARM.attributes
                0x08003e4d       0x2d /opt/gcc-arm-none-eabi-5_4-2016q3/bin/../lib/gcc/arm-none-eabi/5.4.1/../../../../arm-none-eabi/lib/armv7-m/libc_nano.a(lib_a-mbtowc_r.o)
 .ARM.attributes
                0x08003e7a       0x2d /opt/gcc-arm-none-eabi-5_4-2016q3/bin/../lib/gcc/arm-none-eabi/5.4.1/../../../../arm-none-eabi/lib/armv7-m/libc_nano.a(lib_a-mlock.o)
 .ARM.attributes
                0x08003ea7       0x2d /opt/gcc-arm-none-eabi-5_4-2016q3/bin/../lib/gcc/arm-none-eabi/5.4.1/../../../../arm-none-eabi/lib/armv7-m/libc_nano.a(lib_a-reent.o)
 .ARM.attributes
                0x08003ed4       0x2d /opt/gcc-arm-none-eabi-5_4-2016q3/bin/../lib/gcc/arm-none-eabi/5.4.1/../../../../arm-none-eabi/lib/armv7-m/libc_nano.a(lib_a-wctomb_r.o)
 .ARM.attributes
                0x08003f01       0x2d /opt/gcc-arm-none-eabi-5_4-2016q3/bin/../lib/gcc/arm-none-eabi/5.4.1/../../../../arm-none-eabi/lib/armv7-m/libc_nano.a(lib_a-ctype_.o)
 .ARM.attributes
                0x08003f2e       0x2d /opt/gcc-arm-none-eabi-5_4-2016q3/bin/../lib/gcc/arm-none-eabi/5.4.1/../../../../arm-none-eabi/lib/armv7-m/libnosys.a(sbrk.o)
 .ARM.attributes
                0x08003f5b       0x1d /opt/gcc-arm-none-eabi-5_4-2016q3/bin/../lib/gcc/arm-none-eabi/5.4.1/armv7-m/libgcc.a(_arm_addsubdf3.o)
 .ARM.attributes
                0x08003f78       0x1d /opt/gcc-arm-none-eabi-5_4-2016q3/bin/../lib/gcc/arm-none-eabi/5.4.1/armv7-m/libgcc.a(_arm_muldivdf3.o)
 .ARM.attributes
                0x08003f95       0x1d /opt/gcc-arm-none-eabi-5_4-2016q3/bin/../lib/gcc/arm-none-eabi/5.4.1/armv7-m/libgcc.a(_arm_cmpdf2.o)
 .ARM.attributes
                0x08003fb2       0x1d /opt/gcc-arm-none-eabi-5_4-2016q3/bin/../lib/gcc/arm-none-eabi/5.4.1/armv7-m/libgcc.a(_arm_unorddf2.o)
 .ARM.attributes
                0x08003fcf       0x1d /opt/gcc-arm-none-eabi-5_4-2016q3/bin/../lib/gcc/arm-none-eabi/5.4.1/armv7-m/libgcc.a(_arm_fixdfsi.o)
 .ARM.attributes
                0x08003fec       0x1d /opt/gcc-arm-none-eabi-5_4-2016q3/bin/../lib/gcc/arm-none-eabi/5.4.1/armv7-m/crtn.o

.preinit_array  0x080037f8        0x0
                0x080037f8                PROVIDE (__preinit_array_start, .)
 *(.preinit_array*)
                0x080037f8                PROVIDE (__preinit_array_end, .)

.init_array     0x080037f8        0x4
                0x080037f8                PROVIDE (__init_array_start, .)
 *(SORT(.init_array.*))
 *(.init_array*)
 .init_array    0x080037f8        0x4 /opt/gcc-arm-none-eabi-5_4-2016q3/bin/../lib/gcc/arm-none-eabi/5.4.1/armv7-m/crtbegin.o
                0x080037fc                PROVIDE (__init_array_end, .)

.fini_array     0x080037fc        0x4
                [!provide]                PROVIDE (__fini_array_start, .)
 *(.fini_array*)
 .fini_array    0x080037fc        0x4 /opt/gcc-arm-none-eabi-5_4-2016q3/bin/../lib/gcc/arm-none-eabi/5.4.1/armv7-m/crtbegin.o
 *(SORT(.fini_array.*))
                [!provide]                PROVIDE (__fini_array_end, .)
                0x08003800                _sidata = .

.data           0x20000000      0x1e8 load address 0x08003800
                0x20000000                . = ALIGN (0x4)
                0x20000000                _sdata = .
 *(.data)
 *(.data*)
 .data.ADCPrescTable
                0x20000000        0x4 build/stm32f10x_rcc.o
 .data.APBAHBPrescTable
                0x20000004       0x10 build/stm32f10x_rcc.o
 .data.SystemCoreClock
                0x20000014        0x4 build/system_stm32f10x.o
                0x20000014                SystemCoreClock
 .data.impure_data
                0x20000018       0x60 /opt/gcc-arm-none-eabi-5_4-2016q3/bin/../lib/gcc/arm-none-eabi/5.4.1/../../../../arm-none-eabi/lib/armv7-m/libc_nano.a(lib_a-impure.o)
 .data._impure_ptr
                0x20000078        0x4 /opt/gcc-arm-none-eabi-5_4-2016q3/bin/../lib/gcc/arm-none-eabi/5.4.1/../../../../arm-none-eabi/lib/armv7-m/libc_nano.a(lib_a-impure.o)
                0x20000078                _impure_ptr
 .data.__global_locale
                0x2000007c      0x16c /opt/gcc-arm-none-eabi-5_4-2016q3/bin/../lib/gcc/arm-none-eabi/5.4.1/../../../../arm-none-eabi/lib/armv7-m/libc_nano.a(lib_a-locale.o)
                0x2000007c                __global_locale
                0x200001e8                . = ALIGN (0x4)
                0x200001e8                _edata = .

.jcr            0x200001e8        0x0 load address 0x080039e8
 .jcr           0x200001e8        0x0 /opt/gcc-arm-none-eabi-5_4-2016q3/bin/../lib/gcc/arm-none-eabi/5.4.1/armv7-m/crtbegin.o

.igot.plt       0x200001e8        0x0 load address 0x080039e8
 .igot.plt      0x200001e8        0x0 /opt/gcc-arm-none-eabi-5_4-2016q3/bin/../lib/gcc/arm-none-eabi/5.4.1/armv7-m/crtbegin.o
                0x200001e8                . = ALIGN (0x4)

.bss            0x200001e8      0x100 load address 0x080039e8
                0x200001e8                _sbss = .
                0x200001e8                __bss_start__ = _sbss
 *(.bss)
 .bss           0x200001e8       0x1c /opt/gcc-arm-none-eabi-5_4-2016q3/bin/../lib/gcc/arm-none-eabi/5.4.1/armv7-m/crtbegin.o
 *(.bss*)
 .bss.USART1_RX_COUNT
                0x20000204        0x4 build/usart.o
                0x20000204                USART1_RX_COUNT
 .bss.USART1_RX_FLAG
                0x20000208        0x1 build/usart.o
                0x20000208                USART1_RX_FLAG
 .bss.fac_us    0x20000209        0x1 build/delay.o
 .bss.fac_ms    0x2000020a        0x2 build/delay.o
 .bss.__malloc_sbrk_start
                0x2000020c        0x4 /opt/gcc-arm-none-eabi-5_4-2016q3/bin/../lib/gcc/arm-none-eabi/5.4.1/../../../../arm-none-eabi/lib/armv7-m/libc_nano.a(lib_a-nano-mallocr.o)
                0x2000020c                __malloc_sbrk_start
 .bss.__malloc_free_list
                0x20000210        0x4 /opt/gcc-arm-none-eabi-5_4-2016q3/bin/../lib/gcc/arm-none-eabi/5.4.1/../../../../arm-none-eabi/lib/armv7-m/libc_nano.a(lib_a-nano-mallocr.o)
                0x20000210                __malloc_free_list
 .bss.heap_end.4167
                0x20000214        0x4 /opt/gcc-arm-none-eabi-5_4-2016q3/bin/../lib/gcc/arm-none-eabi/5.4.1/../../../../arm-none-eabi/lib/armv7-m/libnosys.a(sbrk.o)
 *(COMMON)
 COMMON         0x20000218       0xc0 build/usart.o
                0x20000218                USART2_RX_BUFF
                0x20000258                USART3_RX_BUFF
                0x20000298                USART1_RX_BUFF
 COMMON         0x200002d8        0xc build/rtc.o
                0x200002d8                RTC_Time
 COMMON         0x200002e4        0x4 /opt/gcc-arm-none-eabi-5_4-2016q3/bin/../lib/gcc/arm-none-eabi/5.4.1/../../../../arm-none-eabi/lib/armv7-m/libc_nano.a(lib_a-reent.o)
                0x200002e4                errno
                0x200002e8                . = ALIGN (0x4)
                0x200002e8                _ebss = .
                0x200002e8                __bss_end__ = _ebss
                0x200002e8                PROVIDE (end, _ebss)
                [!provide]                PROVIDE (_end, _ebss)

._user_heap_stack
                0x200002e8      0x200 load address 0x08003ae8
                0x200002e8                . = ALIGN (0x4)
                0x200002e8                . = (. + _Min_Heap_Size)
                0x200004e8                . = (. + _Min_Stack_Size)
 *fill*         0x200002e8      0x200 
                0x200004e8                . = ALIGN (0x4)

.memory_b1_text
 *(.mb1text)
 *(.mb1text*)
 *(.mb1rodata)
 *(.mb1rodata*)

/DISCARD/
 libc.a(*)
 libm.a(*)
 libgcc.a(*)
OUTPUT(build/stm32_test.elf elf32-littlearm)

.debug_info     0x00000000     0x8209
 .debug_info    0x00000000      0x39c build/sys.o
 .debug_info    0x0000039c      0x860 build/timer.o
 .debug_info    0x00000bfc      0x2ec build/led.o
 .debug_info    0x00000ee8      0xda1 build/usart.o
 .debug_info    0x00001c89      0x86a build/rtc.o
 .debug_info    0x000024f3      0x222 build/delay.o
 .debug_info    0x00002715      0x27a build/beep.o
 .debug_info    0x0000298f      0x5e8 build/main.o
 .debug_info    0x00002f77      0x14b build/stm32f10x_it.o
 .debug_info    0x000030c2      0x4d4 build/stm32f10x_rtc.o
 .debug_info    0x00003596      0x969 build/stm32f10x_rcc.o
 .debug_info    0x00003eff      0x568 build/misc.o
 .debug_info    0x00004467     0x2393 build/stm32f10x_tim.o
 .debug_info    0x000067fa      0xbd1 build/stm32f10x_usart.o
 .debug_info    0x000073cb      0x8f0 build/stm32f10x_gpio.o
 .debug_info    0x00007cbb      0x4cf build/system_stm32f10x.o
 .debug_info    0x0000818a       0x7f build/startup_stm32f10x_hd.o

.debug_abbrev   0x00000000     0x1881
 .debug_abbrev  0x00000000      0x132 build/sys.o
 .debug_abbrev  0x00000132      0x187 build/timer.o
 .debug_abbrev  0x000002b9      0x12b build/led.o
 .debug_abbrev  0x000003e4      0x214 build/usart.o
 .debug_abbrev  0x000005f8      0x1cb build/rtc.o
 .debug_abbrev  0x000007c3      0x138 build/delay.o
 .debug_abbrev  0x000008fb      0x12b build/beep.o
 .debug_abbrev  0x00000a26      0x119 build/main.o
 .debug_abbrev  0x00000b3f       0x77 build/stm32f10x_it.o
 .debug_abbrev  0x00000bb6      0x1ad build/stm32f10x_rtc.o
 .debug_abbrev  0x00000d63      0x21c build/stm32f10x_rcc.o
 .debug_abbrev  0x00000f7f      0x14b build/misc.o
 .debug_abbrev  0x000010ca      0x215 build/stm32f10x_tim.o
 .debug_abbrev  0x000012df      0x201 build/stm32f10x_usart.o
 .debug_abbrev  0x000014e0      0x20c build/stm32f10x_gpio.o
 .debug_abbrev  0x000016ec      0x183 build/system_stm32f10x.o
 .debug_abbrev  0x0000186f       0x12 build/startup_stm32f10x_hd.o

.debug_loc      0x00000000     0x42fe
 .debug_loc     0x00000000       0x95 build/sys.o
 .debug_loc     0x00000095      0x16a build/timer.o
 .debug_loc     0x000001ff       0x38 build/led.o
 .debug_loc     0x00000237      0x3ff build/usart.o
 .debug_loc     0x00000636      0x371 build/rtc.o
 .debug_loc     0x000009a7       0x88 build/delay.o
 .debug_loc     0x00000a2f       0x38 build/beep.o
 .debug_loc     0x00000a67       0x20 build/main.o
 .debug_loc     0x00000a87      0x295 build/stm32f10x_rtc.o
 .debug_loc     0x00000d1c      0x6f6 build/stm32f10x_rcc.o
 .debug_loc     0x00001412      0x160 build/misc.o
 .debug_loc     0x00001572     0x1e29 build/stm32f10x_tim.o
 .debug_loc     0x0000339b      0x812 build/stm32f10x_usart.o
 .debug_loc     0x00003bad      0x606 build/stm32f10x_gpio.o
 .debug_loc     0x000041b3      0x14b build/system_stm32f10x.o

.debug_aranges  0x00000000      0x8e8
 .debug_aranges
                0x00000000       0x30 build/sys.o
 .debug_aranges
                0x00000030       0x30 build/timer.o
 .debug_aranges
                0x00000060       0x20 build/led.o
 .debug_aranges
                0x00000080       0x60 build/usart.o
 .debug_aranges
                0x000000e0       0x60 build/rtc.o
 .debug_aranges
                0x00000140       0x30 build/delay.o
 .debug_aranges
                0x00000170       0x20 build/beep.o
 .debug_aranges
                0x00000190       0x20 build/main.o
 .debug_aranges
                0x000001b0       0x60 build/stm32f10x_it.o
 .debug_aranges
                0x00000210       0x88 build/stm32f10x_rtc.o
 .debug_aranges
                0x00000298      0x118 build/stm32f10x_rcc.o
 .debug_aranges
                0x000003b0       0x40 build/misc.o
 .debug_aranges
                0x000003f0      0x2f0 build/stm32f10x_tim.o
 .debug_aranges
                0x000006e0      0x100 build/stm32f10x_usart.o
 .debug_aranges
                0x000007e0       0xa8 build/stm32f10x_gpio.o
 .debug_aranges
                0x00000888       0x38 build/system_stm32f10x.o
 .debug_aranges
                0x000008c0       0x28 build/startup_stm32f10x_hd.o

.debug_ranges   0x00000000      0x7e0
 .debug_ranges  0x00000000       0x20 build/sys.o
 .debug_ranges  0x00000020       0x20 build/timer.o
 .debug_ranges  0x00000040       0x10 build/led.o
 .debug_ranges  0x00000050       0x50 build/usart.o
 .debug_ranges  0x000000a0       0x50 build/rtc.o
 .debug_ranges  0x000000f0       0x20 build/delay.o
 .debug_ranges  0x00000110       0x10 build/beep.o
 .debug_ranges  0x00000120       0x10 build/main.o
 .debug_ranges  0x00000130       0x50 build/stm32f10x_it.o
 .debug_ranges  0x00000180       0x78 build/stm32f10x_rtc.o
 .debug_ranges  0x000001f8      0x108 build/stm32f10x_rcc.o
 .debug_ranges  0x00000300       0x30 build/misc.o
 .debug_ranges  0x00000330      0x2e0 build/stm32f10x_tim.o
 .debug_ranges  0x00000610       0xf0 build/stm32f10x_usart.o
 .debug_ranges  0x00000700       0x98 build/stm32f10x_gpio.o
 .debug_ranges  0x00000798       0x28 build/system_stm32f10x.o
 .debug_ranges  0x000007c0       0x20 build/startup_stm32f10x_hd.o

.debug_line     0x00000000     0x27b2
 .debug_line    0x00000000      0x13f build/sys.o
 .debug_line    0x0000013f      0x1a7 build/timer.o
 .debug_line    0x000002e6      0x142 build/led.o
 .debug_line    0x00000428      0x27a build/usart.o
 .debug_line    0x000006a2      0x2b2 build/rtc.o
 .debug_line    0x00000954      0x16f build/delay.o
 .debug_line    0x00000ac3      0x13d build/beep.o
 .debug_line    0x00000c00      0x14d build/main.o
 .debug_line    0x00000d4d       0xd8 build/stm32f10x_it.o
 .debug_line    0x00000e25      0x216 build/stm32f10x_rtc.o
 .debug_line    0x0000103b      0x3c0 build/stm32f10x_rcc.o
 .debug_line    0x000013fb      0x175 build/misc.o
 .debug_line    0x00001570      0x9a9 build/stm32f10x_tim.o
 .debug_line    0x00001f19      0x3a4 build/stm32f10x_usart.o
 .debug_line    0x000022bd      0x2eb build/stm32f10x_gpio.o
 .debug_line    0x000025a8      0x18f build/system_stm32f10x.o
 .debug_line    0x00002737       0x7b build/startup_stm32f10x_hd.o

.debug_str      0x00000000     0x2513
 .debug_str     0x00000000      0x607 build/sys.o
                                0x66c (size before relaxing)
 .debug_str     0x00000607      0x28f build/timer.o
                                0x825 (size before relaxing)
 .debug_str     0x00000896      0x181 build/led.o
                                0x324 (size before relaxing)
 .debug_str     0x00000a17      0x234 build/usart.o
                                0xa74 (size before relaxing)
 .debug_str     0x00000c4b      0x1f7 build/rtc.o
                                0x7c5 (size before relaxing)
 .debug_str     0x00000e42       0x88 build/delay.o
                                0x22e (size before relaxing)
 .debug_str     0x00000eca       0x25 build/beep.o
                                0x319 (size before relaxing)
 .debug_str     0x00000eef       0x13 build/main.o
                                0x3b6 (size before relaxing)
 .debug_str     0x00000f02       0xa6 build/stm32f10x_it.o
                                0x212 (size before relaxing)
 .debug_str     0x00000fa8       0xf2 build/stm32f10x_rtc.o
                                0x3cd (size before relaxing)
 .debug_str     0x0000109a      0x3cb build/stm32f10x_rcc.o
                                0x645 (size before relaxing)
 .debug_str     0x00001465      0x11e build/misc.o
                                0x3e3 (size before relaxing)
 .debug_str     0x00001583      0x9ca build/stm32f10x_tim.o
                                0xe36 (size before relaxing)
 .debug_str     0x00001f4d      0x328 build/stm32f10x_usart.o
                                0x6fb (size before relaxing)
 .debug_str     0x00002275      0x222 build/stm32f10x_gpio.o
                                0x55b (size before relaxing)
 .debug_str     0x00002497       0x7c build/system_stm32f10x.o
                                0x303 (size before relaxing)

.comment        0x00000000       0x6e
 .comment       0x00000000       0x6e build/sys.o
                                 0x6f (size before relaxing)
 .comment       0x0000006e       0x6f build/timer.o
 .comment       0x0000006e       0x6f build/led.o
 .comment       0x0000006e       0x6f build/usart.o
 .comment       0x0000006e       0x6f build/rtc.o
 .comment       0x0000006e       0x6f build/delay.o
 .comment       0x0000006e       0x6f build/beep.o
 .comment       0x0000006e       0x6f build/main.o
 .comment       0x0000006e       0x6f build/stm32f10x_it.o
 .comment       0x0000006e       0x6f build/stm32f10x_rtc.o
 .comment       0x0000006e       0x6f build/stm32f10x_rcc.o
 .comment       0x0000006e       0x6f build/misc.o
 .comment       0x0000006e       0x6f build/stm32f10x_tim.o
 .comment       0x0000006e       0x6f build/stm32f10x_usart.o
 .comment       0x0000006e       0x6f build/stm32f10x_gpio.o
 .comment       0x0000006e       0x6f build/system_stm32f10x.o

.debug_frame    0x00000000     0x1b50
 .debug_frame   0x00000000       0x58 build/sys.o
 .debug_frame   0x00000058       0x74 build/timer.o
 .debug_frame   0x000000cc       0x38 build/led.o
 .debug_frame   0x00000104      0x14c build/usart.o
 .debug_frame   0x00000250      0x118 build/rtc.o
 .debug_frame   0x00000368       0x4c build/delay.o
 .debug_frame   0x000003b4       0x2c build/beep.o
 .debug_frame   0x000003e0       0x2c build/main.o
 .debug_frame   0x0000040c       0xa0 build/stm32f10x_it.o
 .debug_frame   0x000004ac      0x114 build/stm32f10x_rtc.o
 .debug_frame   0x000005c0      0x228 build/stm32f10x_rcc.o
 .debug_frame   0x000007e8       0x60 build/misc.o
 .debug_frame   0x00000848      0x720 build/stm32f10x_tim.o
 .debug_frame   0x00000f68      0x230 build/stm32f10x_usart.o
 .debug_frame   0x00001198      0x184 build/stm32f10x_gpio.o
 .debug_frame   0x0000131c       0x70 build/system_stm32f10x.o
 .debug_frame   0x0000138c       0x2c /opt/gcc-arm-none-eabi-5_4-2016q3/bin/../lib/gcc/arm-none-eabi/5.4.1/../../../../arm-none-eabi/lib/armv7-m/libc_nano.a(lib_a-init.o)
 .debug_frame   0x000013b8       0x20 /opt/gcc-arm-none-eabi-5_4-2016q3/bin/../lib/gcc/arm-none-eabi/5.4.1/../../../../arm-none-eabi/lib/armv7-m/libc_nano.a(lib_a-memset.o)
 .debug_frame   0x000013d8       0x8c /opt/gcc-arm-none-eabi-5_4-2016q3/bin/../lib/gcc/arm-none-eabi/5.4.1/../../../../arm-none-eabi/lib/armv7-m/libc_nano.a(lib_a-nano-vfprintf_float.o)
 .debug_frame   0x00001464       0x60 /opt/gcc-arm-none-eabi-5_4-2016q3/bin/../lib/gcc/arm-none-eabi/5.4.1/../../../../arm-none-eabi/lib/armv7-m/libc_nano.a(lib_a-nano-vfprintf_i.o)
 .debug_frame   0x000014c4       0x6c /opt/gcc-arm-none-eabi-5_4-2016q3/bin/../lib/gcc/arm-none-eabi/5.4.1/../../../../arm-none-eabi/lib/armv7-m/libc_nano.a(lib_a-dtoa.o)
 .debug_frame   0x00001530      0x11c /opt/gcc-arm-none-eabi-5_4-2016q3/bin/../lib/gcc/arm-none-eabi/5.4.1/../../../../arm-none-eabi/lib/armv7-m/libc_nano.a(lib_a-findfp.o)
 .debug_frame   0x0000164c       0x40 /opt/gcc-arm-none-eabi-5_4-2016q3/bin/../lib/gcc/arm-none-eabi/5.4.1/../../../../arm-none-eabi/lib/armv7-m/libc_nano.a(lib_a-localeconv.o)
 .debug_frame   0x0000168c       0x30 /opt/gcc-arm-none-eabi-5_4-2016q3/bin/../lib/gcc/arm-none-eabi/5.4.1/../../../../arm-none-eabi/lib/armv7-m/libc_nano.a(lib_a-malloc.o)
 .debug_frame   0x000016bc       0x28 /opt/gcc-arm-none-eabi-5_4-2016q3/bin/../lib/gcc/arm-none-eabi/5.4.1/../../../../arm-none-eabi/lib/armv7-m/libc_nano.a(lib_a-memcpy-stub.o)
 .debug_frame   0x000016e4      0x234 /opt/gcc-arm-none-eabi-5_4-2016q3/bin/../lib/gcc/arm-none-eabi/5.4.1/../../../../arm-none-eabi/lib/armv7-m/libc_nano.a(lib_a-mprec.o)
 .debug_frame   0x00001918       0x2c /opt/gcc-arm-none-eabi-5_4-2016q3/bin/../lib/gcc/arm-none-eabi/5.4.1/../../../../arm-none-eabi/lib/armv7-m/libc_nano.a(lib_a-nano-callocr.o)
 .debug_frame   0x00001944       0x2c /opt/gcc-arm-none-eabi-5_4-2016q3/bin/../lib/gcc/arm-none-eabi/5.4.1/../../../../arm-none-eabi/lib/armv7-m/libc_nano.a(lib_a-nano-mallocr.o)
 .debug_frame   0x00001970       0x2c /opt/gcc-arm-none-eabi-5_4-2016q3/bin/../lib/gcc/arm-none-eabi/5.4.1/../../../../arm-none-eabi/lib/armv7-m/libc_nano.a(lib_a-sbrkr.o)
 .debug_frame   0x0000199c       0x88 /opt/gcc-arm-none-eabi-5_4-2016q3/bin/../lib/gcc/arm-none-eabi/5.4.1/../../../../arm-none-eabi/lib/armv7-m/libc_nano.a(lib_a-locale.o)
 .debug_frame   0x00001a24       0x44 /opt/gcc-arm-none-eabi-5_4-2016q3/bin/../lib/gcc/arm-none-eabi/5.4.1/../../../../arm-none-eabi/lib/armv7-m/libc_nano.a(lib_a-mbtowc_r.o)
 .debug_frame   0x00001a68       0x30 /opt/gcc-arm-none-eabi-5_4-2016q3/bin/../lib/gcc/arm-none-eabi/5.4.1/../../../../arm-none-eabi/lib/armv7-m/libc_nano.a(lib_a-mlock.o)
 .debug_frame   0x00001a98       0x5c /opt/gcc-arm-none-eabi-5_4-2016q3/bin/../lib/gcc/arm-none-eabi/5.4.1/../../../../arm-none-eabi/lib/armv7-m/libc_nano.a(lib_a-reent.o)
 .debug_frame   0x00001af4       0x3c /opt/gcc-arm-none-eabi-5_4-2016q3/bin/../lib/gcc/arm-none-eabi/5.4.1/../../../../arm-none-eabi/lib/armv7-m/libc_nano.a(lib_a-wctomb_r.o)
 .debug_frame   0x00001b30       0x20 /opt/gcc-arm-none-eabi-5_4-2016q3/bin/../lib/gcc/arm-none-eabi/5.4.1/../../../../arm-none-eabi/lib/armv7-m/libnosys.a(sbrk.o)

.stabstr        0x00000000      0x117
 .stabstr       0x00000000      0x117 /opt/gcc-arm-none-eabi-5_4-2016q3/bin/../lib/gcc/arm-none-eabi/5.4.1/../../../../arm-none-eabi/lib/armv7-m/libnosys.a(close.o)

Cross Reference Table

Symbol                                            File
ADC1_2_IRQHandler                                 build/startup_stm32f10x_hd.o
ADC3_IRQHandler                                   build/startup_stm32f10x_hd.o
ADC_AnalogWatchdogCmd                             build/stm32f10x_adc.o
ADC_AnalogWatchdogSingleChannelConfig             build/stm32f10x_adc.o
ADC_AnalogWatchdogThresholdsConfig                build/stm32f10x_adc.o
ADC_AutoInjectedConvCmd                           build/stm32f10x_adc.o
ADC_ClearFlag                                     build/stm32f10x_adc.o
ADC_ClearITPendingBit                             build/stm32f10x_adc.o
ADC_Cmd                                           build/stm32f10x_adc.o
ADC_DMACmd                                        build/stm32f10x_adc.o
ADC_DeInit                                        build/stm32f10x_adc.o
ADC_DiscModeChannelCountConfig                    build/stm32f10x_adc.o
ADC_DiscModeCmd                                   build/stm32f10x_adc.o
ADC_ExternalTrigConvCmd                           build/stm32f10x_adc.o
ADC_ExternalTrigInjectedConvCmd                   build/stm32f10x_adc.o
ADC_ExternalTrigInjectedConvConfig                build/stm32f10x_adc.o
ADC_GetCalibrationStatus                          build/stm32f10x_adc.o
ADC_GetConversionValue                            build/stm32f10x_adc.o
ADC_GetDualModeConversionValue                    build/stm32f10x_adc.o
ADC_GetFlagStatus                                 build/stm32f10x_adc.o
ADC_GetITStatus                                   build/stm32f10x_adc.o
ADC_GetInjectedConversionValue                    build/stm32f10x_adc.o
ADC_GetResetCalibrationStatus                     build/stm32f10x_adc.o
ADC_GetSoftwareStartConvStatus                    build/stm32f10x_adc.o
ADC_GetSoftwareStartInjectedConvCmdStatus         build/stm32f10x_adc.o
ADC_ITConfig                                      build/stm32f10x_adc.o
ADC_Init                                          build/stm32f10x_adc.o
ADC_InjectedChannelConfig                         build/stm32f10x_adc.o
ADC_InjectedDiscModeCmd                           build/stm32f10x_adc.o
ADC_InjectedSequencerLengthConfig                 build/stm32f10x_adc.o
ADC_RegularChannelConfig                          build/stm32f10x_adc.o
ADC_ResetCalibration                              build/stm32f10x_adc.o
ADC_SetInjectedOffset                             build/stm32f10x_adc.o
ADC_SoftwareStartConvCmd                          build/stm32f10x_adc.o
ADC_SoftwareStartInjectedConvCmd                  build/stm32f10x_adc.o
ADC_StartCalibration                              build/stm32f10x_adc.o
ADC_StructInit                                    build/stm32f10x_adc.o
ADC_TempSensorVrefintCmd                          build/stm32f10x_adc.o
AHBPrescTable                                     build/system_stm32f10x.o
BEEP_GPIO_Config                                  build/beep.o
                                                  build/main.o
BKP_ClearFlag                                     build/stm32f10x_bkp.o
BKP_ClearITPendingBit                             build/stm32f10x_bkp.o
BKP_DeInit                                        build/stm32f10x_bkp.o
                                                  build/rtc.o
BKP_GetFlagStatus                                 build/stm32f10x_bkp.o
BKP_GetITStatus                                   build/stm32f10x_bkp.o
BKP_ITConfig                                      build/stm32f10x_bkp.o
BKP_RTCOutputConfig                               build/stm32f10x_bkp.o
BKP_ReadBackupRegister                            build/stm32f10x_bkp.o
BKP_SetRTCCalibrationValue                        build/stm32f10x_bkp.o
BKP_TamperPinCmd                                  build/stm32f10x_bkp.o
BKP_TamperPinLevelConfig                          build/stm32f10x_bkp.o
BKP_WriteBackupRegister                           build/stm32f10x_bkp.o
BusFault_Handler                                  build/stm32f10x_it.o
CAN1_RX1_IRQHandler                               build/startup_stm32f10x_hd.o
CAN1_SCE_IRQHandler                               build/startup_stm32f10x_hd.o
CAN_CancelTransmit                                build/stm32f10x_can.o
CAN_ClearFlag                                     build/stm32f10x_can.o
CAN_ClearITPendingBit                             build/stm32f10x_can.o
CAN_DBGFreeze                                     build/stm32f10x_can.o
CAN_DeInit                                        build/stm32f10x_can.o
CAN_FIFORelease                                   build/stm32f10x_can.o
CAN_FilterInit                                    build/stm32f10x_can.o
CAN_GetFlagStatus                                 build/stm32f10x_can.o
CAN_GetITStatus                                   build/stm32f10x_can.o
CAN_GetLSBTransmitErrorCounter                    build/stm32f10x_can.o
CAN_GetLastErrorCode                              build/stm32f10x_can.o
CAN_GetReceiveErrorCounter                        build/stm32f10x_can.o
CAN_ITConfig                                      build/stm32f10x_can.o
CAN_Init                                          build/stm32f10x_can.o
CAN_MessagePending                                build/stm32f10x_can.o
CAN_OperatingModeRequest                          build/stm32f10x_can.o
CAN_Receive                                       build/stm32f10x_can.o
CAN_SlaveStartBank                                build/stm32f10x_can.o
CAN_Sleep                                         build/stm32f10x_can.o
CAN_StructInit                                    build/stm32f10x_can.o
CAN_TTComModeCmd                                  build/stm32f10x_can.o
CAN_Transmit                                      build/stm32f10x_can.o
CAN_TransmitStatus                                build/stm32f10x_can.o
CAN_WakeUp                                        build/stm32f10x_can.o
CEC_ClearFlag                                     build/stm32f10x_cec.o
CEC_ClearITPendingBit                             build/stm32f10x_cec.o
CEC_Cmd                                           build/stm32f10x_cec.o
CEC_DeInit                                        build/stm32f10x_cec.o
CEC_EndOfMessageCmd                               build/stm32f10x_cec.o
CEC_GetFlagStatus                                 build/stm32f10x_cec.o
CEC_GetITStatus                                   build/stm32f10x_cec.o
CEC_ITConfig                                      build/stm32f10x_cec.o
CEC_Init                                          build/stm32f10x_cec.o
CEC_OwnAddressConfig                              build/stm32f10x_cec.o
CEC_ReceiveDataByte                               build/stm32f10x_cec.o
CEC_SendDataByte                                  build/stm32f10x_cec.o
CEC_SetPrescaler                                  build/stm32f10x_cec.o
CEC_StartOfMessage                                build/stm32f10x_cec.o
CRC_CalcBlockCRC                                  build/stm32f10x_crc.o
CRC_CalcCRC                                       build/stm32f10x_crc.o
CRC_GetCRC                                        build/stm32f10x_crc.o
CRC_GetIDRegister                                 build/stm32f10x_crc.o
CRC_ResetDR                                       build/stm32f10x_crc.o
CRC_SetIDRegister                                 build/stm32f10x_crc.o
DAC_Cmd                                           build/stm32f10x_dac.o
DAC_DMACmd                                        build/stm32f10x_dac.o
DAC_DeInit                                        build/stm32f10x_dac.o
DAC_DualSoftwareTriggerCmd                        build/stm32f10x_dac.o
DAC_GetDataOutputValue                            build/stm32f10x_dac.o
DAC_Init                                          build/stm32f10x_dac.o
DAC_SetChannel1Data                               build/stm32f10x_dac.o
DAC_SetChannel2Data                               build/stm32f10x_dac.o
DAC_SetDualChannelData                            build/stm32f10x_dac.o
DAC_SoftwareTriggerCmd                            build/stm32f10x_dac.o
DAC_StructInit                                    build/stm32f10x_dac.o
DAC_WaveGenerationCmd                             build/stm32f10x_dac.o
DBGMCU_Config                                     build/stm32f10x_dbgmcu.o
DBGMCU_GetDEVID                                   build/stm32f10x_dbgmcu.o
DBGMCU_GetREVID                                   build/stm32f10x_dbgmcu.o
DMA1_Channel1_IRQHandler                          build/startup_stm32f10x_hd.o
DMA1_Channel2_IRQHandler                          build/startup_stm32f10x_hd.o
DMA1_Channel3_IRQHandler                          build/startup_stm32f10x_hd.o
DMA1_Channel4_IRQHandler                          build/startup_stm32f10x_hd.o
DMA1_Channel5_IRQHandler                          build/startup_stm32f10x_hd.o
DMA1_Channel6_IRQHandler                          build/startup_stm32f10x_hd.o
DMA1_Channel7_IRQHandler                          build/startup_stm32f10x_hd.o
DMA2_Channel1_IRQHandler                          build/startup_stm32f10x_hd.o
DMA2_Channel2_IRQHandler                          build/startup_stm32f10x_hd.o
DMA2_Channel3_IRQHandler                          build/startup_stm32f10x_hd.o
DMA2_Channel4_5_IRQHandler                        build/startup_stm32f10x_hd.o
DMA_ClearFlag                                     build/stm32f10x_dma.o
DMA_ClearITPendingBit                             build/stm32f10x_dma.o
DMA_Cmd                                           build/stm32f10x_dma.o
DMA_DeInit                                        build/stm32f10x_dma.o
DMA_GetCurrDataCounter                            build/stm32f10x_dma.o
DMA_GetFlagStatus                                 build/stm32f10x_dma.o
DMA_GetITStatus                                   build/stm32f10x_dma.o
DMA_ITConfig                                      build/stm32f10x_dma.o
DMA_Init                                          build/stm32f10x_dma.o
DMA_SetCurrDataCounter                            build/stm32f10x_dma.o
DMA_StructInit                                    build/stm32f10x_dma.o
DebugMon_Handler                                  build/stm32f10x_it.o
Default_Handler                                   build/startup_stm32f10x_hd.o
DelayMs                                           build/delay.o
                                                  build/main.o
DelayUs                                           build/delay.o
Delay_Init                                        build/delay.o
                                                  build/main.o
EXTI0_IRQHandler                                  build/startup_stm32f10x_hd.o
EXTI15_10_IRQHandler                              build/startup_stm32f10x_hd.o
EXTI1_IRQHandler                                  build/startup_stm32f10x_hd.o
EXTI2_IRQHandler                                  build/startup_stm32f10x_hd.o
EXTI3_IRQHandler                                  build/startup_stm32f10x_hd.o
EXTI4_IRQHandler                                  build/startup_stm32f10x_hd.o
EXTI9_5_IRQHandler                                build/startup_stm32f10x_hd.o
EXTI_ClearFlag                                    build/stm32f10x_exti.o
EXTI_ClearITPendingBit                            build/stm32f10x_exti.o
EXTI_DeInit                                       build/stm32f10x_exti.o
EXTI_GenerateSWInterrupt                          build/stm32f10x_exti.o
EXTI_GetFlagStatus                                build/stm32f10x_exti.o
EXTI_GetITStatus                                  build/stm32f10x_exti.o
EXTI_Init                                         build/stm32f10x_exti.o
                                                  build/exti.o
EXTI_StructInit                                   build/stm32f10x_exti.o
FLASH_ClearFlag                                   build/stm32f10x_flash.o
FLASH_EnableWriteProtection                       build/stm32f10x_flash.o
FLASH_EraseAllBank1Pages                          build/stm32f10x_flash.o
FLASH_EraseAllPages                               build/stm32f10x_flash.o
FLASH_EraseOptionBytes                            build/stm32f10x_flash.o
FLASH_ErasePage                                   build/stm32f10x_flash.o
FLASH_GetBank1Status                              build/stm32f10x_flash.o
FLASH_GetFlagStatus                               build/stm32f10x_flash.o
FLASH_GetPrefetchBufferStatus                     build/stm32f10x_flash.o
FLASH_GetReadOutProtectionStatus                  build/stm32f10x_flash.o
FLASH_GetStatus                                   build/stm32f10x_flash.o
FLASH_GetUserOptionByte                           build/stm32f10x_flash.o
FLASH_GetWriteProtectionOptionByte                build/stm32f10x_flash.o
FLASH_HalfCycleAccessCmd                          build/stm32f10x_flash.o
FLASH_IRQHandler                                  build/startup_stm32f10x_hd.o
FLASH_ITConfig                                    build/stm32f10x_flash.o
FLASH_Lock                                        build/stm32f10x_flash.o
FLASH_LockBank1                                   build/stm32f10x_flash.o
FLASH_PrefetchBufferCmd                           build/stm32f10x_flash.o
FLASH_ProgramHalfWord                             build/stm32f10x_flash.o
FLASH_ProgramOptionByteData                       build/stm32f10x_flash.o
FLASH_ProgramWord                                 build/stm32f10x_flash.o
FLASH_ReadOutProtection                           build/stm32f10x_flash.o
FLASH_SetLatency                                  build/stm32f10x_flash.o
FLASH_Unlock                                      build/stm32f10x_flash.o
FLASH_UnlockBank1                                 build/stm32f10x_flash.o
FLASH_UserOptionByteConfig                        build/stm32f10x_flash.o
FLASH_WaitForLastBank1Operation                   build/stm32f10x_flash.o
FLASH_WaitForLastOperation                        build/stm32f10x_flash.o
FSMC_ClearFlag                                    build/stm32f10x_fsmc.o
FSMC_ClearITPendingBit                            build/stm32f10x_fsmc.o
FSMC_GetECC                                       build/stm32f10x_fsmc.o
FSMC_GetFlagStatus                                build/stm32f10x_fsmc.o
FSMC_GetITStatus                                  build/stm32f10x_fsmc.o
FSMC_IRQHandler                                   build/startup_stm32f10x_hd.o
FSMC_ITConfig                                     build/stm32f10x_fsmc.o
FSMC_NANDCmd                                      build/stm32f10x_fsmc.o
FSMC_NANDDeInit                                   build/stm32f10x_fsmc.o
FSMC_NANDECCCmd                                   build/stm32f10x_fsmc.o
FSMC_NANDInit                                     build/stm32f10x_fsmc.o
FSMC_NANDStructInit                               build/stm32f10x_fsmc.o
FSMC_NORSRAMCmd                                   build/stm32f10x_fsmc.o
FSMC_NORSRAMDeInit                                build/stm32f10x_fsmc.o
FSMC_NORSRAMInit                                  build/stm32f10x_fsmc.o
FSMC_NORSRAMStructInit                            build/stm32f10x_fsmc.o
FSMC_PCCARDCmd                                    build/stm32f10x_fsmc.o
FSMC_PCCARDDeInit                                 build/stm32f10x_fsmc.o
FSMC_PCCARDInit                                   build/stm32f10x_fsmc.o
FSMC_PCCARDStructInit                             build/stm32f10x_fsmc.o
GPIO_AFIODeInit                                   build/stm32f10x_gpio.o
GPIO_DeInit                                       build/stm32f10x_gpio.o
GPIO_ETH_MediaInterfaceConfig                     build/stm32f10x_gpio.o
GPIO_EXTILineConfig                               build/stm32f10x_gpio.o
                                                  build/exti.o
GPIO_EventOutputCmd                               build/stm32f10x_gpio.o
GPIO_EventOutputConfig                            build/stm32f10x_gpio.o
GPIO_Init                                         build/stm32f10x_gpio.o
                                                  build/beep.o
                                                  build/spi.o
                                                  build/usart.o
                                                  build/led.o
GPIO_PinLockConfig                                build/stm32f10x_gpio.o
GPIO_PinRemapConfig                               build/stm32f10x_gpio.o
GPIO_ReadInputData                                build/stm32f10x_gpio.o
GPIO_ReadInputDataBit                             build/stm32f10x_gpio.o
GPIO_ReadOutputData                               build/stm32f10x_gpio.o
GPIO_ReadOutputDataBit                            build/stm32f10x_gpio.o
GPIO_ResetBits                                    build/stm32f10x_gpio.o
GPIO_SetBits                                      build/stm32f10x_gpio.o
                                                  build/spi.o
                                                  build/led.o
GPIO_StructInit                                   build/stm32f10x_gpio.o
GPIO_Write                                        build/stm32f10x_gpio.o
GPIO_WriteBit                                     build/stm32f10x_gpio.o
HardFault_Handler                                 build/stm32f10x_it.o
I2C1_ER_IRQHandler                                build/startup_stm32f10x_hd.o
I2C1_EV_IRQHandler                                build/startup_stm32f10x_hd.o
I2C2_ER_IRQHandler                                build/startup_stm32f10x_hd.o
I2C2_EV_IRQHandler                                build/startup_stm32f10x_hd.o
I2C_ARPCmd                                        build/stm32f10x_i2c.o
I2C_AcknowledgeConfig                             build/stm32f10x_i2c.o
I2C_CalculatePEC                                  build/stm32f10x_i2c.o
I2C_CheckEvent                                    build/stm32f10x_i2c.o
I2C_ClearFlag                                     build/stm32f10x_i2c.o
I2C_ClearITPendingBit                             build/stm32f10x_i2c.o
I2C_Cmd                                           build/stm32f10x_i2c.o
I2C_DMACmd                                        build/stm32f10x_i2c.o
I2C_DMALastTransferCmd                            build/stm32f10x_i2c.o
I2C_DeInit                                        build/stm32f10x_i2c.o
I2C_DualAddressCmd                                build/stm32f10x_i2c.o
I2C_FastModeDutyCycleConfig                       build/stm32f10x_i2c.o
I2C_GeneralCallCmd                                build/stm32f10x_i2c.o
I2C_GenerateSTART                                 build/stm32f10x_i2c.o
I2C_GenerateSTOP                                  build/stm32f10x_i2c.o
I2C_GetFlagStatus                                 build/stm32f10x_i2c.o
I2C_GetITStatus                                   build/stm32f10x_i2c.o
I2C_GetLastEvent                                  build/stm32f10x_i2c.o
I2C_GetPEC                                        build/stm32f10x_i2c.o
I2C_ITConfig                                      build/stm32f10x_i2c.o
I2C_Init                                          build/stm32f10x_i2c.o
I2C_NACKPositionConfig                            build/stm32f10x_i2c.o
I2C_OwnAddress2Config                             build/stm32f10x_i2c.o
I2C_PECPositionConfig                             build/stm32f10x_i2c.o
I2C_ReadRegister                                  build/stm32f10x_i2c.o
I2C_ReceiveData                                   build/stm32f10x_i2c.o
I2C_SMBusAlertConfig                              build/stm32f10x_i2c.o
I2C_Send7bitAddress                               build/stm32f10x_i2c.o
I2C_SendData                                      build/stm32f10x_i2c.o
I2C_SoftwareResetCmd                              build/stm32f10x_i2c.o
I2C_StretchClockCmd                               build/stm32f10x_i2c.o
I2C_StructInit                                    build/stm32f10x_i2c.o
I2C_TransmitPEC                                   build/stm32f10x_i2c.o
I2S_Cmd                                           build/stm32f10x_spi.o
I2S_Init                                          build/stm32f10x_spi.o
I2S_StructInit                                    build/stm32f10x_spi.o
INTX_DISABLE                                      build/sys.o
INTX_ENABLE                                       build/sys.o
IWDG_Enable                                       build/stm32f10x_iwdg.o
IWDG_GetFlagStatus                                build/stm32f10x_iwdg.o
IWDG_ReloadCounter                                build/stm32f10x_iwdg.o
IWDG_SetPrescaler                                 build/stm32f10x_iwdg.o
IWDG_SetReload                                    build/stm32f10x_iwdg.o
IWDG_WriteAccessCmd                               build/stm32f10x_iwdg.o
LED_GPIO_Config                                   build/led.o
                                                  build/main.o
MemManage_Handler                                 build/stm32f10x_it.o
NMI_Handler                                       build/stm32f10x_it.o
NVIC_Init                                         build/misc.o
                                                  build/sys.o
NVIC_PriorityGroupConfig                          build/misc.o
                                                  build/sys.o
NVIC_SetVectorTable                               build/misc.o
NVIC_SystemLPConfig                               build/misc.o
NormTime_SecTime                                  build/rtc.o
PVD_IRQHandler                                    build/startup_stm32f10x_hd.o
PWR_BackupAccessCmd                               build/stm32f10x_pwr.o
                                                  build/rtc.o
PWR_ClearFlag                                     build/stm32f10x_pwr.o
PWR_DeInit                                        build/stm32f10x_pwr.o
PWR_EnterSTANDBYMode                              build/stm32f10x_pwr.o
PWR_EnterSTOPMode                                 build/stm32f10x_pwr.o
PWR_GetFlagStatus                                 build/stm32f10x_pwr.o
PWR_PVDCmd                                        build/stm32f10x_pwr.o
PWR_PVDLevelConfig                                build/stm32f10x_pwr.o
PWR_WakeUpPinCmd                                  build/stm32f10x_pwr.o
PendSV_Handler                                    build/stm32f10x_it.o
RCC_ADCCLKConfig                                  build/stm32f10x_rcc.o
RCC_AHBPeriphClockCmd                             build/stm32f10x_rcc.o
RCC_APB1PeriphClockCmd                            build/stm32f10x_rcc.o
                                                  build/spi.o
                                                  build/rtc.o
                                                  build/timer.o
RCC_APB1PeriphResetCmd                            build/stm32f10x_rcc.o
                                                  build/stm32f10x_pwr.o
                                                  build/stm32f10x_wwdg.o
                                                  build/stm32f10x_usart.o
                                                  build/stm32f10x_tim.o
                                                  build/stm32f10x_cec.o
                                                  build/stm32f10x_i2c.o
                                                  build/stm32f10x_spi.o
                                                  build/stm32f10x_can.o
                                                  build/stm32f10x_dac.o
RCC_APB2PeriphClockCmd                            build/stm32f10x_rcc.o
                                                  build/exti.o
                                                  build/beep.o
                                                  build/spi.o
                                                  build/usart.o
                                                  build/led.o
RCC_APB2PeriphResetCmd                            build/stm32f10x_rcc.o
                                                  build/stm32f10x_gpio.o
                                                  build/stm32f10x_usart.o
                                                  build/stm32f10x_tim.o
                                                  build/stm32f10x_adc.o
                                                  build/stm32f10x_spi.o
RCC_AdjustHSICalibrationValue                     build/stm32f10x_rcc.o
RCC_BackupResetCmd                                build/stm32f10x_rcc.o
                                                  build/stm32f10x_bkp.o
RCC_ClearFlag                                     build/stm32f10x_rcc.o
RCC_ClearITPendingBit                             build/stm32f10x_rcc.o
RCC_ClockSecuritySystemCmd                        build/stm32f10x_rcc.o
RCC_DeInit                                        build/stm32f10x_rcc.o
RCC_GetClocksFreq                                 build/stm32f10x_rcc.o
                                                  build/stm32f10x_usart.o
                                                  build/stm32f10x_i2c.o
                                                  build/stm32f10x_spi.o
RCC_GetFlagStatus                                 build/stm32f10x_rcc.o
                                                  build/rtc.o
RCC_GetITStatus                                   build/stm32f10x_rcc.o
RCC_GetSYSCLKSource                               build/stm32f10x_rcc.o
RCC_HCLKConfig                                    build/stm32f10x_rcc.o
RCC_HSEConfig                                     build/stm32f10x_rcc.o
RCC_HSICmd                                        build/stm32f10x_rcc.o
RCC_IRQHandler                                    build/startup_stm32f10x_hd.o
RCC_ITConfig                                      build/stm32f10x_rcc.o
RCC_LSEConfig                                     build/stm32f10x_rcc.o
                                                  build/rtc.o
RCC_LSICmd                                        build/stm32f10x_rcc.o
RCC_MCOConfig                                     build/stm32f10x_rcc.o
RCC_PCLK1Config                                   build/stm32f10x_rcc.o
RCC_PCLK2Config                                   build/stm32f10x_rcc.o
RCC_PLLCmd                                        build/stm32f10x_rcc.o
RCC_PLLConfig                                     build/stm32f10x_rcc.o
RCC_RTCCLKCmd                                     build/stm32f10x_rcc.o
                                                  build/rtc.o
RCC_RTCCLKConfig                                  build/stm32f10x_rcc.o
                                                  build/rtc.o
RCC_SYSCLKConfig                                  build/stm32f10x_rcc.o
RCC_USBCLKConfig                                  build/stm32f10x_rcc.o
RCC_WaitForHSEStartUp                             build/stm32f10x_rcc.o
RTCAlarm_IRQHandler                               build/startup_stm32f10x_hd.o
RTC_ClearFlag                                     build/stm32f10x_rtc.o
RTC_ClearITPendingBit                             build/stm32f10x_rtc.o
                                                  build/rtc.o
RTC_Config                                        build/rtc.o
RTC_EnterConfigMode                               build/stm32f10x_rtc.o
RTC_ExitConfigMode                                build/stm32f10x_rtc.o
RTC_GetCounter                                    build/stm32f10x_rtc.o
                                                  build/rtc.o
RTC_GetDivider                                    build/stm32f10x_rtc.o
RTC_GetFlagStatus                                 build/stm32f10x_rtc.o
                                                  build/rtc.o
RTC_GetITStatus                                   build/stm32f10x_rtc.o
RTC_GetTime                                       build/rtc.o
RTC_GetYearState                                  build/rtc.o
RTC_IRQHandler                                    build/rtc.o
RTC_ITConfig                                      build/stm32f10x_rtc.o
                                                  build/rtc.o
RTC_NVIC_Config                                   build/rtc.o
RTC_PutTime                                       build/rtc.o
RTC_SetAlarm                                      build/stm32f10x_rtc.o
                                                  build/rtc.o
RTC_SetCounter                                    build/stm32f10x_rtc.o
                                                  build/rtc.o
RTC_SetPrescaler                                  build/stm32f10x_rtc.o
                                                  build/rtc.o
RTC_SetTime                                       build/rtc.o
RTC_Time                                          build/rtc.o
RTC_WaitForLastTask                               build/stm32f10x_rtc.o
                                                  build/rtc.o
RTC_WaitForSynchro                                build/stm32f10x_rtc.o
                                                  build/rtc.o
Reset_Handler                                     build/startup_stm32f10x_hd.o
SDIO_CEATAITCmd                                   build/stm32f10x_sdio.o
SDIO_ClearFlag                                    build/stm32f10x_sdio.o
SDIO_ClearITPendingBit                            build/stm32f10x_sdio.o
SDIO_ClockCmd                                     build/stm32f10x_sdio.o
SDIO_CmdStructInit                                build/stm32f10x_sdio.o
SDIO_CommandCompletionCmd                         build/stm32f10x_sdio.o
SDIO_DMACmd                                       build/stm32f10x_sdio.o
SDIO_DataConfig                                   build/stm32f10x_sdio.o
SDIO_DataStructInit                               build/stm32f10x_sdio.o
SDIO_DeInit                                       build/stm32f10x_sdio.o
SDIO_GetCommandResponse                           build/stm32f10x_sdio.o
SDIO_GetDataCounter                               build/stm32f10x_sdio.o
SDIO_GetFIFOCount                                 build/stm32f10x_sdio.o
SDIO_GetFlagStatus                                build/stm32f10x_sdio.o
SDIO_GetITStatus                                  build/stm32f10x_sdio.o
SDIO_GetPowerState                                build/stm32f10x_sdio.o
SDIO_GetResponse                                  build/stm32f10x_sdio.o
SDIO_IRQHandler                                   build/startup_stm32f10x_hd.o
SDIO_ITConfig                                     build/stm32f10x_sdio.o
SDIO_Init                                         build/stm32f10x_sdio.o
SDIO_ReadData                                     build/stm32f10x_sdio.o
SDIO_SendCEATACmd                                 build/stm32f10x_sdio.o
SDIO_SendCommand                                  build/stm32f10x_sdio.o
SDIO_SendSDIOSuspendCmd                           build/stm32f10x_sdio.o
SDIO_SetPowerState                                build/stm32f10x_sdio.o
SDIO_SetSDIOOperation                             build/stm32f10x_sdio.o
SDIO_SetSDIOReadWaitMode                          build/stm32f10x_sdio.o
SDIO_StartSDIOReadWait                            build/stm32f10x_sdio.o
SDIO_StopSDIOReadWait                             build/stm32f10x_sdio.o
SDIO_StructInit                                   build/stm32f10x_sdio.o
SDIO_WriteData                                    build/stm32f10x_sdio.o
SPI1_IRQHandler                                   build/startup_stm32f10x_hd.o
SPI2_IRQHandler                                   build/startup_stm32f10x_hd.o
SPI2_Init                                         build/spi.o
SPI2_ReadWriteByte                                build/spi.o
SPI2_SetSpeed                                     build/spi.o
SPI3_IRQHandler                                   build/startup_stm32f10x_hd.o
SPI_BiDirectionalLineConfig                       build/stm32f10x_spi.o
SPI_CalculateCRC                                  build/stm32f10x_spi.o
SPI_Cmd                                           build/stm32f10x_spi.o
                                                  build/spi.o
SPI_DataSizeConfig                                build/stm32f10x_spi.o
SPI_GetCRC                                        build/stm32f10x_spi.o
SPI_GetCRCPolynomial                              build/stm32f10x_spi.o
SPI_I2S_ClearFlag                                 build/stm32f10x_spi.o
SPI_I2S_ClearITPendingBit                         build/stm32f10x_spi.o
SPI_I2S_DMACmd                                    build/stm32f10x_spi.o
SPI_I2S_DeInit                                    build/stm32f10x_spi.o
SPI_I2S_GetFlagStatus                             build/stm32f10x_spi.o
                                                  build/spi.o
SPI_I2S_GetITStatus                               build/stm32f10x_spi.o
SPI_I2S_ITConfig                                  build/stm32f10x_spi.o
SPI_I2S_ReceiveData                               build/stm32f10x_spi.o
                                                  build/spi.o
SPI_I2S_SendData                                  build/stm32f10x_spi.o
                                                  build/spi.o
SPI_Init                                          build/stm32f10x_spi.o
                                                  build/spi.o
SPI_NSSInternalSoftwareConfig                     build/stm32f10x_spi.o
SPI_SSOutputCmd                                   build/stm32f10x_spi.o
SPI_StructInit                                    build/stm32f10x_spi.o
SPI_TransmitCRC                                   build/stm32f10x_spi.o
STM32_NVIC_SetPriority                            build/sys.o
                                                  build/exti.o
                                                  build/rtc.o
                                                  build/usart.o
                                                  build/timer.o
SVC_Handler                                       build/stm32f10x_it.o
SecTime_NormTime                                  build/rtc.o
SysTick_CLKSourceConfig                           build/misc.o
                                                  build/delay.o
SysTick_Handler                                   build/stm32f10x_it.o
SystemCoreClock                                   build/system_stm32f10x.o
                                                  build/delay.o
SystemCoreClockUpdate                             build/system_stm32f10x.o
SystemInit                                        build/system_stm32f10x.o
                                                  build/startup_stm32f10x_hd.o
TAMPER_IRQHandler                                 build/startup_stm32f10x_hd.o
TIM1_BRK_IRQHandler                               build/startup_stm32f10x_hd.o
TIM1_CC_IRQHandler                                build/startup_stm32f10x_hd.o
TIM1_TRG_COM_IRQHandler                           build/startup_stm32f10x_hd.o
TIM1_UP_IRQHandler                                build/startup_stm32f10x_hd.o
TIM2_IRQHandler                                   build/timer.o
TIM3_IRQHandler                                   build/startup_stm32f10x_hd.o
TIM4_IRQHandler                                   build/startup_stm32f10x_hd.o
TIM5_IRQHandler                                   build/startup_stm32f10x_hd.o
TIM6_IRQHandler                                   build/startup_stm32f10x_hd.o
TIM7_IRQHandler                                   build/startup_stm32f10x_hd.o
TIM8_BRK_IRQHandler                               build/startup_stm32f10x_hd.o
TIM8_CC_IRQHandler                                build/startup_stm32f10x_hd.o
TIM8_TRG_COM_IRQHandler                           build/startup_stm32f10x_hd.o
TIM8_UP_IRQHandler                                build/startup_stm32f10x_hd.o
TIM_ARRPreloadConfig                              build/stm32f10x_tim.o
TIM_BDTRConfig                                    build/stm32f10x_tim.o
TIM_BDTRStructInit                                build/stm32f10x_tim.o
TIM_CCPreloadControl                              build/stm32f10x_tim.o
TIM_CCxCmd                                        build/stm32f10x_tim.o
TIM_CCxNCmd                                       build/stm32f10x_tim.o
TIM_ClearFlag                                     build/stm32f10x_tim.o
                                                  build/timer.o
TIM_ClearITPendingBit                             build/stm32f10x_tim.o
                                                  build/timer.o
TIM_ClearOC1Ref                                   build/stm32f10x_tim.o
TIM_ClearOC2Ref                                   build/stm32f10x_tim.o
TIM_ClearOC3Ref                                   build/stm32f10x_tim.o
TIM_ClearOC4Ref                                   build/stm32f10x_tim.o
TIM_Cmd                                           build/stm32f10x_tim.o
                                                  build/usart.o
                                                  build/timer.o
TIM_CounterModeConfig                             build/stm32f10x_tim.o
TIM_CtrlPWMOutputs                                build/stm32f10x_tim.o
TIM_DMACmd                                        build/stm32f10x_tim.o
TIM_DMAConfig                                     build/stm32f10x_tim.o
TIM_DeInit                                        build/stm32f10x_tim.o
                                                  build/timer.o
TIM_ETRClockMode1Config                           build/stm32f10x_tim.o
TIM_ETRClockMode2Config                           build/stm32f10x_tim.o
TIM_ETRConfig                                     build/stm32f10x_tim.o
TIM_EncoderInterfaceConfig                        build/stm32f10x_tim.o
TIM_ForcedOC1Config                               build/stm32f10x_tim.o
TIM_ForcedOC2Config                               build/stm32f10x_tim.o
TIM_ForcedOC3Config                               build/stm32f10x_tim.o
TIM_ForcedOC4Config                               build/stm32f10x_tim.o
TIM_GenerateEvent                                 build/stm32f10x_tim.o
TIM_GetCapture1                                   build/stm32f10x_tim.o
TIM_GetCapture2                                   build/stm32f10x_tim.o
TIM_GetCapture3                                   build/stm32f10x_tim.o
TIM_GetCapture4                                   build/stm32f10x_tim.o
TIM_GetCounter                                    build/stm32f10x_tim.o
TIM_GetFlagStatus                                 build/stm32f10x_tim.o
TIM_GetITStatus                                   build/stm32f10x_tim.o
                                                  build/timer.o
TIM_GetPrescaler                                  build/stm32f10x_tim.o
TIM_ICInit                                        build/stm32f10x_tim.o
TIM_ICStructInit                                  build/stm32f10x_tim.o
TIM_ITConfig                                      build/stm32f10x_tim.o
                                                  build/timer.o
TIM_ITRxExternalClockConfig                       build/stm32f10x_tim.o
TIM_InternalClockConfig                           build/stm32f10x_tim.o
TIM_OC1FastConfig                                 build/stm32f10x_tim.o
TIM_OC1Init                                       build/stm32f10x_tim.o